[    1513ms] [ERROR] Failed to load resource: the server responded with a status of 404 () @ https://devfedb13.grafana.net/apis/userstorage.grafana.app/v0alpha1/namespaces/stacks-1757201/user-storage/saved-queries:dfuhj9wjtgge8e:0
[    2639ms] [ERROR] runRequest.catchError Error: rpc error: code = InvalidArgument desc = invalid TraceQL query: parse error at line 1, col 78: syntax error: unexpected }
    at https://plugins-cdn.grafana.net/tempo/13.1.5/public/plugins/tempo/module.js:3:76613
    at https://grafana-assets.grafana.net/grafana/13.2.0-31683987170/public/build/5304.b4fd8c663d86a74bb4cd.js:378:29610
    at u._next (https://grafana-assets.grafana.net/grafana/13.2.0-31683987170/public/build/5304.b4fd8c663d86a74bb4cd.js:378:26530)
    at u.next (https://grafana-assets.grafana.net/grafana/13.2.0-31683987170/public/build/5304.b4fd8c663d86a74bb4cd.js:378:15968)
    at https://grafana-assets.grafana.net/grafana/13.2.0-31683987170/public/build/5304.b4fd8c663d86a74bb4cd.js:378:35429
    at u._next (https://grafana-assets.grafana.net/grafana/13.2.0-31683987170/public/build/5304.b4fd8c663d86a74bb4cd.js:378:26530)
    at u.next (https://grafana-assets.grafana.net/grafana/13.2.0-31683987170/public/build/5304.b4fd8c663d86a74bb4cd.js:378:15968)
    at https://grafana-assets.grafana.net/grafana/13.2.0-31683987170/public/build/5304.b4fd8c663d86a74bb4cd.js:378:13283
    at a (https://grafana-assets.grafana.net/grafana/13.2.0-31683987170/public/build/5304.b4fd8c663d86a74bb4cd.js:380:1357)
    at p.next (https://grafana-assets.grafana.net/grafana/13.2.0-31683987170/public/build/5304.b4fd8c663d86a74bb4cd.js:378:13066) @ https://edge.fullstory.com/s/fs.js:1
[    2659ms] [ERROR] runRequest.catchError Error: rpc error: code = InvalidArgument desc = invalid TraceQL query: parse error at line 1, col 80: syntax error: unexpected }
    at https://plugins-cdn.grafana.net/tempo/13.1.5/public/plugins/tempo/module.js:3:76613
    at https://grafana-assets.grafana.net/grafana/13.2.0-31683987170/public/build/5304.b4fd8c663d86a74bb4cd.js:378:29610
    at u._next (https://grafana-assets.grafana.net/grafana/13.2.0-31683987170/public/build/5304.b4fd8c663d86a74bb4cd.js:378:26530)
    at u.next (https://grafana-assets.grafana.net/grafana/13.2.0-31683987170/public/build/5304.b4fd8c663d86a74bb4cd.js:378:15968)
    at https://grafana-assets.grafana.net/grafana/13.2.0-31683987170/public/build/5304.b4fd8c663d86a74bb4cd.js:378:35429
    at u._next (https://grafana-assets.grafana.net/grafana/13.2.0-31683987170/public/build/5304.b4fd8c663d86a74bb4cd.js:378:26530)
    at u.next (https://grafana-assets.grafana.net/grafana/13.2.0-31683987170/public/build/5304.b4fd8c663d86a74bb4cd.js:378:15968)
    at https://grafana-assets.grafana.net/grafana/13.2.0-31683987170/public/build/5304.b4fd8c663d86a74bb4cd.js:378:13283
    at a (https://grafana-assets.grafana.net/grafana/13.2.0-31683987170/public/build/5304.b4fd8c663d86a74bb4cd.js:380:1357)
    at p.next (https://grafana-assets.grafana.net/grafana/13.2.0-31683987170/public/build/5304.b4fd8c663d86a74bb4cd.js:378:13066) @ https://edge.fullstory.com/s/fs.js:1
