[    3103ms] [ERROR] Failed to load resource: the server responded with a status of 404 () @ https://devfedb13.grafana.net/apis/userstorage.grafana.app/v0alpha1/namespaces/stacks-1757201/user-storage/saved-queries:dfuhj9wjtgge8e:0
[    3790ms] [ERROR] Failed to load resource: the server responded with a status of 404 () @ https://devfedb13.grafana.net/apis/productactivation.ext.grafana.com/v1alpha1/namespaces/stacks-1757201/hosto11yconfigs/global:0
[ 3699135ms] [ERROR] WebSocket connection to 'wss://devfedb13.grafana.net/api/live/ws' failed: Error in connection establishment: net::ERR_NAME_NOT_RESOLVED @ https://grafana-assets.grafana.net/grafana/13.2.0-31683987170/public/build/5304.b4fd8c663d86a74bb4cd.js:471
[ 3699346ms] [ERROR] Failed to load resource: net::ERR_INTERNET_DISCONNECTED @ https://devfedb13.grafana.net/api/login/ping:0
[ 3699647ms] [ERROR] Failed to load resource: net::ERR_INTERNET_DISCONNECTED @ https://faro-collector-ops-eu-south-0.grafana-ops.net/collect/e3c6e2fd455e8f85102e5c6bcdf0ef29:0
[ 3699648ms] [ERROR] Faro
 @grafana/faro-web-sdk:transport-fetch
 Failed sending payload to the receiver
 {meta: Object, events: Array(1)} TypeError: Failed to fetch
    at https://plugins-cdn.grafana.net/grafana-asserts-app/1.21.0/public/plugins/grafana-asserts-app/6391.js?_cache=56bb07d60d953acdaadc:2:164781
    at o.<computed>.o.<computed> (https://rsi.grafana.com/v1.1/js-integrations/Fullstory.min.js:1:5852)
    at https://plugins-cdn.grafana.net/grafana-asserts-app/1.21.0/public/plugins/grafana-asserts-app/6391.js?_cache=56bb07d60d953acdaadc:2:92514
    at o (https://plugins-cdn.grafana.net/grafana-asserts-app/1.21.0/public/plugins/grafana-asserts-app/6391.js?_cache=56bb07d60d953acdaadc:2:91308)
    at https://plugins-cdn.grafana.net/grafana-asserts-app/1.21.0/public/plugins/grafana-asserts-app/6391.js?_cache=56bb07d60d953acdaadc:2:91491
    at new Promise (<anonymous>)
    at Object.add (https://plugins-cdn.grafana.net/grafana-asserts-app/1.21.0/public/plugins/grafana-asserts-app/6391.js?_cache=56bb07d60d953acdaadc:2:91431)
    at J.<anonymous> (https://plugins-cdn.grafana.net/grafana-asserts-app/1.21.0/public/plugins/grafana-asserts-app/6391.js?_cache=56bb07d60d953acdaadc:2:91852)
    at Generator.next (<anonymous>)
    at https://plugins-cdn.grafana.net/grafana-asserts-app/1.21.0/public/plugins/grafana-asserts-app/6391.js?_cache=56bb07d60d953acdaadc:2:90500 @ https://plugins-cdn.grafana.net/grafana-asserts-app/1.21.0/public/plugins/grafana-asserts-app/6391.js?_cache=56bb07d60d953acdaadc:1
[ 3699883ms] [ERROR] Failed to load resource: net::ERR_INTERNET_DISCONNECTED @ https://faro-collector-ops-eu-south-0.grafana-ops.net/collect/bc03dd0f2a088059ae67a23bc296a26d:0
[ 3699886ms] [ERROR] Failed to load resource: net::ERR_INTERNET_DISCONNECTED @ https://faro-collector-ops-eu-south-0.grafana-ops.net/collect/bc03dd0f2a088059ae67a23bc296a26d:0
[ 3700641ms] [ERROR] WebSocket connection to 'wss://devfedb13.grafana.net/api/live/ws' failed: Error in connection establishment: net::ERR_INTERNET_DISCONNECTED @ https://grafana-assets.grafana.net/grafana/13.2.0-31683987170/public/build/5304.b4fd8c663d86a74bb4cd.js:471
[ 3701885ms] [ERROR] Failed to load resource: net::ERR_INTERNET_DISCONNECTED @ https://faro-collector-ops-eu-south-0.grafana-ops.net/collect/bc03dd0f2a088059ae67a23bc296a26d:0
[ 3701887ms] [ERROR] Failed to load resource: net::ERR_INTERNET_DISCONNECTED @ https://faro-collector-ops-eu-south-0.grafana-ops.net/collect/bc03dd0f2a088059ae67a23bc296a26d:0
[ 3704484ms] [ERROR] WebSocket connection to 'wss://devfedb13.grafana.net/api/live/ws' failed: Error in connection establishment: net::ERR_INTERNET_DISCONNECTED @ https://grafana-assets.grafana.net/grafana/13.2.0-31683987170/public/build/5304.b4fd8c663d86a74bb4cd.js:471
[ 3704501ms] [ERROR] Failed to load resource: net::ERR_INTERNET_DISCONNECTED @ https://devfedb13.grafana.net/api/login/ping:0
[ 3704684ms] [ERROR] Failed to load resource: net::ERR_INTERNET_DISCONNECTED @ https://faro-collector-ops-eu-south-0.grafana-ops.net/collect/e3c6e2fd455e8f85102e5c6bcdf0ef29:0
[ 3704684ms] [ERROR] Faro
 @grafana/faro-web-sdk:transport-fetch
 Failed sending payload to the receiver
 {meta: Object, events: Array(1)} TypeError: Failed to fetch
    at https://plugins-cdn.grafana.net/grafana-asserts-app/1.21.0/public/plugins/grafana-asserts-app/6391.js?_cache=56bb07d60d953acdaadc:2:164781
    at o.<computed>.o.<computed> (https://rsi.grafana.com/v1.1/js-integrations/Fullstory.min.js:1:5852)
    at https://plugins-cdn.grafana.net/grafana-asserts-app/1.21.0/public/plugins/grafana-asserts-app/6391.js?_cache=56bb07d60d953acdaadc:2:92514
    at o (https://plugins-cdn.grafana.net/grafana-asserts-app/1.21.0/public/plugins/grafana-asserts-app/6391.js?_cache=56bb07d60d953acdaadc:2:91308)
    at https://plugins-cdn.grafana.net/grafana-asserts-app/1.21.0/public/plugins/grafana-asserts-app/6391.js?_cache=56bb07d60d953acdaadc:2:91491
    at new Promise (<anonymous>)
    at Object.add (https://plugins-cdn.grafana.net/grafana-asserts-app/1.21.0/public/plugins/grafana-asserts-app/6391.js?_cache=56bb07d60d953acdaadc:2:91431)
    at J.<anonymous> (https://plugins-cdn.grafana.net/grafana-asserts-app/1.21.0/public/plugins/grafana-asserts-app/6391.js?_cache=56bb07d60d953acdaadc:2:91852)
    at Generator.next (<anonymous>)
    at https://plugins-cdn.grafana.net/grafana-asserts-app/1.21.0/public/plugins/grafana-asserts-app/6391.js?_cache=56bb07d60d953acdaadc:2:90500 @ https://plugins-cdn.grafana.net/grafana-asserts-app/1.21.0/public/plugins/grafana-asserts-app/6391.js?_cache=56bb07d60d953acdaadc:1
[ 3705885ms] [ERROR] Failed to load resource: net::ERR_INTERNET_DISCONNECTED @ https://faro-collector-ops-eu-south-0.grafana-ops.net/collect/bc03dd0f2a088059ae67a23bc296a26d:0
[ 3705887ms] [ERROR] Failed to load resource: net::ERR_INTERNET_DISCONNECTED @ https://faro-collector-ops-eu-south-0.grafana-ops.net/collect/bc03dd0f2a088059ae67a23bc296a26d:0
[ 4639068ms] [ERROR] WebSocket connection to 'wss://devfedb13.grafana.net/api/live/ws' failed: Error in connection establishment: net::ERR_INTERNET_DISCONNECTED @ https://grafana-assets.grafana.net/grafana/13.2.0-31683987170/public/build/5304.b4fd8c663d86a74bb4cd.js:471
[ 4639094ms] [ERROR] Failed to load resource: net::ERR_INTERNET_DISCONNECTED @ https://devfedb13.grafana.net/api/login/ping:0
[ 4639190ms] [ERROR] Failed to load resource: net::ERR_INTERNET_DISCONNECTED @ https://faro-collector-ops-eu-south-0.grafana-ops.net/collect/e3c6e2fd455e8f85102e5c6bcdf0ef29:0
[ 4639190ms] [ERROR] Faro
 @grafana/faro-web-sdk:transport-fetch
 Failed sending payload to the receiver
 {meta: Object, events: Array(1)} TypeError: Failed to fetch
    at https://plugins-cdn.grafana.net/grafana-asserts-app/1.21.0/public/plugins/grafana-asserts-app/6391.js?_cache=56bb07d60d953acdaadc:2:164781
    at o.<computed>.o.<computed> (https://rsi.grafana.com/v1.1/js-integrations/Fullstory.min.js:1:5852)
    at https://plugins-cdn.grafana.net/grafana-asserts-app/1.21.0/public/plugins/grafana-asserts-app/6391.js?_cache=56bb07d60d953acdaadc:2:92514
    at o (https://plugins-cdn.grafana.net/grafana-asserts-app/1.21.0/public/plugins/grafana-asserts-app/6391.js?_cache=56bb07d60d953acdaadc:2:91308)
    at https://plugins-cdn.grafana.net/grafana-asserts-app/1.21.0/public/plugins/grafana-asserts-app/6391.js?_cache=56bb07d60d953acdaadc:2:91491
    at new Promise (<anonymous>)
    at Object.add (https://plugins-cdn.grafana.net/grafana-asserts-app/1.21.0/public/plugins/grafana-asserts-app/6391.js?_cache=56bb07d60d953acdaadc:2:91431)
    at J.<anonymous> (https://plugins-cdn.grafana.net/grafana-asserts-app/1.21.0/public/plugins/grafana-asserts-app/6391.js?_cache=56bb07d60d953acdaadc:2:91852)
    at Generator.next (<anonymous>)
    at https://plugins-cdn.grafana.net/grafana-asserts-app/1.21.0/public/plugins/grafana-asserts-app/6391.js?_cache=56bb07d60d953acdaadc:2:90500 @ https://plugins-cdn.grafana.net/grafana-asserts-app/1.21.0/public/plugins/grafana-asserts-app/6391.js?_cache=56bb07d60d953acdaadc:1
[ 4640636ms] [ERROR] Failed to load resource: net::ERR_INTERNET_DISCONNECTED @ https://faro-collector-ops-eu-south-0.grafana-ops.net/collect/bc03dd0f2a088059ae67a23bc296a26d:0
[ 4640637ms] [ERROR] Failed to load resource: net::ERR_INTERNET_DISCONNECTED @ https://faro-collector-ops-eu-south-0.grafana-ops.net/collect/bc03dd0f2a088059ae67a23bc296a26d:0
[ 4642936ms] [ERROR] WebSocket connection to 'wss://devfedb13.grafana.net/api/live/ws' failed: Error in connection establishment: net::ERR_INTERNET_DISCONNECTED @ https://grafana-assets.grafana.net/grafana/13.2.0-31683987170/public/build/5304.b4fd8c663d86a74bb4cd.js:471
[ 5123487ms] [ERROR] WebSocket connection to 'wss://devfedb13.grafana.net/api/live/ws' failed: HTTP Authentication failed; no valid credentials available @ https://grafana-assets.grafana.net/grafana/13.2.0-31683987170/public/build/5304.b4fd8c663d86a74bb4cd.js:471
[ 5123794ms] [ERROR] Failed to load resource: the server responded with a status of 401 () @ https://devfedb13.grafana.net/api/login/ping:0
[ 5124025ms] [ERROR] Failed to load resource: net::ERR_ADDRESS_UNREACHABLE @ https://faro-collector-ops-eu-south-0.grafana-ops.net/collect/e3c6e2fd455e8f85102e5c6bcdf0ef29:0
[ 5124025ms] [ERROR] Faro
 @grafana/faro-web-sdk:transport-fetch
 Failed sending payload to the receiver
 {meta: Object, events: Array(2)} TypeError: Failed to fetch
    at https://plugins-cdn.grafana.net/grafana-asserts-app/1.21.0/public/plugins/grafana-asserts-app/6391.js?_cache=56bb07d60d953acdaadc:2:164781
    at o.<computed>.o.<computed> (https://rsi.grafana.com/v1.1/js-integrations/Fullstory.min.js:1:5852)
    at https://plugins-cdn.grafana.net/grafana-asserts-app/1.21.0/public/plugins/grafana-asserts-app/6391.js?_cache=56bb07d60d953acdaadc:2:92514
    at o (https://plugins-cdn.grafana.net/grafana-asserts-app/1.21.0/public/plugins/grafana-asserts-app/6391.js?_cache=56bb07d60d953acdaadc:2:91308)
    at https://plugins-cdn.grafana.net/grafana-asserts-app/1.21.0/public/plugins/grafana-asserts-app/6391.js?_cache=56bb07d60d953acdaadc:2:91491
    at new Promise (<anonymous>)
    at Object.add (https://plugins-cdn.grafana.net/grafana-asserts-app/1.21.0/public/plugins/grafana-asserts-app/6391.js?_cache=56bb07d60d953acdaadc:2:91431)
    at J.<anonymous> (https://plugins-cdn.grafana.net/grafana-asserts-app/1.21.0/public/plugins/grafana-asserts-app/6391.js?_cache=56bb07d60d953acdaadc:2:91852)
    at Generator.next (<anonymous>)
    at https://plugins-cdn.grafana.net/grafana-asserts-app/1.21.0/public/plugins/grafana-asserts-app/6391.js?_cache=56bb07d60d953acdaadc:2:90500 @ https://plugins-cdn.grafana.net/grafana-asserts-app/1.21.0/public/plugins/grafana-asserts-app/6391.js?_cache=56bb07d60d953acdaadc:1
[ 5124210ms] [ERROR] Failed to load resource: net::ERR_ADDRESS_UNREACHABLE @ https://faro-collector-ops-eu-south-0.grafana-ops.net/collect/e3c6e2fd455e8f85102e5c6bcdf0ef29:0
[ 5124210ms] [ERROR] Faro
 @grafana/faro-web-sdk:transport-fetch
 Failed sending payload to the receiver
 {meta: Object, events: Array(1)} TypeError: Failed to fetch
    at https://plugins-cdn.grafana.net/grafana-asserts-app/1.21.0/public/plugins/grafana-asserts-app/6391.js?_cache=56bb07d60d953acdaadc:2:164781
    at o.<computed>.o.<computed> (https://rsi.grafana.com/v1.1/js-integrations/Fullstory.min.js:1:5852)
    at https://plugins-cdn.grafana.net/grafana-asserts-app/1.21.0/public/plugins/grafana-asserts-app/6391.js?_cache=56bb07d60d953acdaadc:2:92514
    at o (https://plugins-cdn.grafana.net/grafana-asserts-app/1.21.0/public/plugins/grafana-asserts-app/6391.js?_cache=56bb07d60d953acdaadc:2:91308)
    at https://plugins-cdn.grafana.net/grafana-asserts-app/1.21.0/public/plugins/grafana-asserts-app/6391.js?_cache=56bb07d60d953acdaadc:2:91491
    at new Promise (<anonymous>)
    at Object.add (https://plugins-cdn.grafana.net/grafana-asserts-app/1.21.0/public/plugins/grafana-asserts-app/6391.js?_cache=56bb07d60d953acdaadc:2:91431)
    at J.<anonymous> (https://plugins-cdn.grafana.net/grafana-asserts-app/1.21.0/public/plugins/grafana-asserts-app/6391.js?_cache=56bb07d60d953acdaadc:2:91852)
    at Generator.next (<anonymous>)
    at https://plugins-cdn.grafana.net/grafana-asserts-app/1.21.0/public/plugins/grafana-asserts-app/6391.js?_cache=56bb07d60d953acdaadc:2:90500 @ https://plugins-cdn.grafana.net/grafana-asserts-app/1.21.0/public/plugins/grafana-asserts-app/6391.js?_cache=56bb07d60d953acdaadc:1
[ 6121779ms] [ERROR] Failed to load resource: net::ERR_ADDRESS_UNREACHABLE @ https://faro-collector-ops-eu-south-0.grafana-ops.net/collect/bc03dd0f2a088059ae67a23bc296a26d:0
[ 6121780ms] [ERROR] Failed to load resource: net::ERR_ADDRESS_UNREACHABLE @ https://faro-collector-ops-eu-south-0.grafana-ops.net/collect/bc03dd0f2a088059ae67a23bc296a26d:0
[ 6123760ms] [ERROR] Failed to load resource: net::ERR_INTERNET_DISCONNECTED @ https://faro-collector-ops-eu-south-0.grafana-ops.net/collect/bc03dd0f2a088059ae67a23bc296a26d:0
[ 6123815ms] [ERROR] Failed to load resource: net::ERR_INTERNET_DISCONNECTED @ https://faro-collector-ops-eu-south-0.grafana-ops.net/collect/bc03dd0f2a088059ae67a23bc296a26d:0
[ 8098804ms] [ERROR] WebSocket connection to 'wss://devfedb13.grafana.net/api/live/ws' failed: Error in connection establishment: net::ERR_INTERNET_DISCONNECTED @ https://grafana-assets.grafana.net/grafana/13.2.0-31683987170/public/build/5304.b4fd8c663d86a74bb4cd.js:471
[ 8098825ms] [ERROR] Failed to load resource: net::ERR_INTERNET_DISCONNECTED @ https://devfedb13.grafana.net/api/login/ping:0
[ 8099056ms] [ERROR] Failed to load resource: net::ERR_INTERNET_DISCONNECTED @ https://faro-collector-ops-eu-south-0.grafana-ops.net/collect/e3c6e2fd455e8f85102e5c6bcdf0ef29:0
[ 8099056ms] [ERROR] Faro
 @grafana/faro-web-sdk:transport-fetch
 Failed sending payload to the receiver
 {meta: Object, events: Array(1)} TypeError: Failed to fetch
    at https://plugins-cdn.grafana.net/grafana-asserts-app/1.21.0/public/plugins/grafana-asserts-app/6391.js?_cache=56bb07d60d953acdaadc:2:164781
    at o.<computed>.o.<computed> (https://rsi.grafana.com/v1.1/js-integrations/Fullstory.min.js:1:5852)
    at https://plugins-cdn.grafana.net/grafana-asserts-app/1.21.0/public/plugins/grafana-asserts-app/6391.js?_cache=56bb07d60d953acdaadc:2:92514
    at o (https://plugins-cdn.grafana.net/grafana-asserts-app/1.21.0/public/plugins/grafana-asserts-app/6391.js?_cache=56bb07d60d953acdaadc:2:91308)
    at https://plugins-cdn.grafana.net/grafana-asserts-app/1.21.0/public/plugins/grafana-asserts-app/6391.js?_cache=56bb07d60d953acdaadc:2:91491
    at new Promise (<anonymous>)
    at Object.add (https://plugins-cdn.grafana.net/grafana-asserts-app/1.21.0/public/plugins/grafana-asserts-app/6391.js?_cache=56bb07d60d953acdaadc:2:91431)
    at J.<anonymous> (https://plugins-cdn.grafana.net/grafana-asserts-app/1.21.0/public/plugins/grafana-asserts-app/6391.js?_cache=56bb07d60d953acdaadc:2:91852)
    at Generator.next (<anonymous>)
    at https://plugins-cdn.grafana.net/grafana-asserts-app/1.21.0/public/plugins/grafana-asserts-app/6391.js?_cache=56bb07d60d953acdaadc:2:90500 @ https://plugins-cdn.grafana.net/grafana-asserts-app/1.21.0/public/plugins/grafana-asserts-app/6391.js?_cache=56bb07d60d953acdaadc:1
[ 8791492ms] [ERROR] Failed to load resource: net::ERR_INTERNET_DISCONNECTED @ https://faro-collector-ops-eu-south-0.grafana-ops.net/collect/bc03dd0f2a088059ae67a23bc296a26d:0
[ 8791517ms] [ERROR] Failed to load resource: net::ERR_INTERNET_DISCONNECTED @ https://faro-collector-ops-eu-south-0.grafana-ops.net/collect/bc03dd0f2a088059ae67a23bc296a26d:0
[ 8791674ms] [ERROR] WebSocket connection to 'wss://devfedb13.grafana.net/api/live/ws' failed: Error in connection establishment: net::ERR_INTERNET_DISCONNECTED @ https://grafana-assets.grafana.net/grafana/13.2.0-31683987170/public/build/5304.b4fd8c663d86a74bb4cd.js:471
[ 8791702ms] [ERROR] Failed to load resource: net::ERR_INTERNET_DISCONNECTED @ https://devfedb13.grafana.net/api/login/ping:0
[ 8791999ms] [ERROR] Failed to load resource: net::ERR_INTERNET_DISCONNECTED @ https://faro-collector-ops-eu-south-0.grafana-ops.net/collect/e3c6e2fd455e8f85102e5c6bcdf0ef29:0
[ 8791999ms] [ERROR] Faro
 @grafana/faro-web-sdk:transport-fetch
 Failed sending payload to the receiver
 {meta: Object, events: Array(1)} TypeError: Failed to fetch
    at https://plugins-cdn.grafana.net/grafana-asserts-app/1.21.0/public/plugins/grafana-asserts-app/6391.js?_cache=56bb07d60d953acdaadc:2:164781
    at o.<computed>.o.<computed> (https://rsi.grafana.com/v1.1/js-integrations/Fullstory.min.js:1:5852)
    at https://plugins-cdn.grafana.net/grafana-asserts-app/1.21.0/public/plugins/grafana-asserts-app/6391.js?_cache=56bb07d60d953acdaadc:2:92514
    at o (https://plugins-cdn.grafana.net/grafana-asserts-app/1.21.0/public/plugins/grafana-asserts-app/6391.js?_cache=56bb07d60d953acdaadc:2:91308)
    at https://plugins-cdn.grafana.net/grafana-asserts-app/1.21.0/public/plugins/grafana-asserts-app/6391.js?_cache=56bb07d60d953acdaadc:2:91491
    at new Promise (<anonymous>)
    at Object.add (https://plugins-cdn.grafana.net/grafana-asserts-app/1.21.0/public/plugins/grafana-asserts-app/6391.js?_cache=56bb07d60d953acdaadc:2:91431)
    at J.<anonymous> (https://plugins-cdn.grafana.net/grafana-asserts-app/1.21.0/public/plugins/grafana-asserts-app/6391.js?_cache=56bb07d60d953acdaadc:2:91852)
    at Generator.next (<anonymous>)
    at https://plugins-cdn.grafana.net/grafana-asserts-app/1.21.0/public/plugins/grafana-asserts-app/6391.js?_cache=56bb07d60d953acdaadc:2:90500 @ https://plugins-cdn.grafana.net/grafana-asserts-app/1.21.0/public/plugins/grafana-asserts-app/6391.js?_cache=56bb07d60d953acdaadc:1
[ 8793391ms] [ERROR] Failed to load resource: net::ERR_INTERNET_DISCONNECTED @ https://faro-collector-ops-eu-south-0.grafana-ops.net/collect/bc03dd0f2a088059ae67a23bc296a26d:0
[ 8793396ms] [ERROR] Failed to load resource: net::ERR_INTERNET_DISCONNECTED @ https://faro-collector-ops-eu-south-0.grafana-ops.net/collect/bc03dd0f2a088059ae67a23bc296a26d:0
[ 8799001ms] [ERROR] WebSocket connection to 'wss://devfedb13.grafana.net/api/live/ws' failed: HTTP Authentication failed; no valid credentials available @ https://grafana-assets.grafana.net/grafana/13.2.0-31683987170/public/build/5304.b4fd8c663d86a74bb4cd.js:471
[ 8799593ms] [ERROR] Failed to load resource: the server responded with a status of 401 () @ https://devfedb13.grafana.net/api/login/ping:0
[ 8799942ms] [ERROR] Failed to load resource: net::ERR_ADDRESS_UNREACHABLE @ https://faro-collector-ops-eu-south-0.grafana-ops.net/collect/e3c6e2fd455e8f85102e5c6bcdf0ef29:0
[ 8799942ms] [ERROR] Faro
 @grafana/faro-web-sdk:transport-fetch
 Failed sending payload to the receiver
 {meta: Object, events: Array(1)} TypeError: Failed to fetch
    at https://plugins-cdn.grafana.net/grafana-asserts-app/1.21.0/public/plugins/grafana-asserts-app/6391.js?_cache=56bb07d60d953acdaadc:2:164781
    at o.<computed>.o.<computed> (https://rsi.grafana.com/v1.1/js-integrations/Fullstory.min.js:1:5852)
    at https://plugins-cdn.grafana.net/grafana-asserts-app/1.21.0/public/plugins/grafana-asserts-app/6391.js?_cache=56bb07d60d953acdaadc:2:92514
    at o (https://plugins-cdn.grafana.net/grafana-asserts-app/1.21.0/public/plugins/grafana-asserts-app/6391.js?_cache=56bb07d60d953acdaadc:2:91308)
    at https://plugins-cdn.grafana.net/grafana-asserts-app/1.21.0/public/plugins/grafana-asserts-app/6391.js?_cache=56bb07d60d953acdaadc:2:91491
    at new Promise (<anonymous>)
    at Object.add (https://plugins-cdn.grafana.net/grafana-asserts-app/1.21.0/public/plugins/grafana-asserts-app/6391.js?_cache=56bb07d60d953acdaadc:2:91431)
    at J.<anonymous> (https://plugins-cdn.grafana.net/grafana-asserts-app/1.21.0/public/plugins/grafana-asserts-app/6391.js?_cache=56bb07d60d953acdaadc:2:91852)
    at Generator.next (<anonymous>)
    at https://plugins-cdn.grafana.net/grafana-asserts-app/1.21.0/public/plugins/grafana-asserts-app/6391.js?_cache=56bb07d60d953acdaadc:2:90500 @ https://plugins-cdn.grafana.net/grafana-asserts-app/1.21.0/public/plugins/grafana-asserts-app/6391.js?_cache=56bb07d60d953acdaadc:1
[ 8799944ms] [ERROR] Failed to load resource: net::ERR_ADDRESS_UNREACHABLE @ https://faro-collector-ops-eu-south-0.grafana-ops.net/collect/e3c6e2fd455e8f85102e5c6bcdf0ef29:0
[ 8799944ms] [ERROR] Faro
 @grafana/faro-web-sdk:transport-fetch
 Failed sending payload to the receiver
 {meta: Object, events: Array(1)} TypeError: Failed to fetch
    at https://plugins-cdn.grafana.net/grafana-asserts-app/1.21.0/public/plugins/grafana-asserts-app/6391.js?_cache=56bb07d60d953acdaadc:2:164781
    at o.<computed>.o.<computed> (https://rsi.grafana.com/v1.1/js-integrations/Fullstory.min.js:1:5852)
    at https://plugins-cdn.grafana.net/grafana-asserts-app/1.21.0/public/plugins/grafana-asserts-app/6391.js?_cache=56bb07d60d953acdaadc:2:92514
    at o (https://plugins-cdn.grafana.net/grafana-asserts-app/1.21.0/public/plugins/grafana-asserts-app/6391.js?_cache=56bb07d60d953acdaadc:2:91308)
    at https://plugins-cdn.grafana.net/grafana-asserts-app/1.21.0/public/plugins/grafana-asserts-app/6391.js?_cache=56bb07d60d953acdaadc:2:91491
    at new Promise (<anonymous>)
    at Object.add (https://plugins-cdn.grafana.net/grafana-asserts-app/1.21.0/public/plugins/grafana-asserts-app/6391.js?_cache=56bb07d60d953acdaadc:2:91431)
    at J.<anonymous> (https://plugins-cdn.grafana.net/grafana-asserts-app/1.21.0/public/plugins/grafana-asserts-app/6391.js?_cache=56bb07d60d953acdaadc:2:91852)
    at Generator.next (<anonymous>)
    at https://plugins-cdn.grafana.net/grafana-asserts-app/1.21.0/public/plugins/grafana-asserts-app/6391.js?_cache=56bb07d60d953acdaadc:2:90500 @ https://plugins-cdn.grafana.net/grafana-asserts-app/1.21.0/public/plugins/grafana-asserts-app/6391.js?_cache=56bb07d60d953acdaadc:1
[ 8800179ms] [ERROR] Failed to load resource: net::ERR_ADDRESS_UNREACHABLE @ https://faro-collector-ops-eu-south-0.grafana-ops.net/collect/e3c6e2fd455e8f85102e5c6bcdf0ef29:0
[ 8800179ms] [ERROR] Faro
 @grafana/faro-web-sdk:transport-fetch
 Failed sending payload to the receiver
 {meta: Object, events: Array(1)} TypeError: Failed to fetch
    at https://plugins-cdn.grafana.net/grafana-asserts-app/1.21.0/public/plugins/grafana-asserts-app/6391.js?_cache=56bb07d60d953acdaadc:2:164781
    at o.<computed>.o.<computed> (https://rsi.grafana.com/v1.1/js-integrations/Fullstory.min.js:1:5852)
    at https://plugins-cdn.grafana.net/grafana-asserts-app/1.21.0/public/plugins/grafana-asserts-app/6391.js?_cache=56bb07d60d953acdaadc:2:92514
    at o (https://plugins-cdn.grafana.net/grafana-asserts-app/1.21.0/public/plugins/grafana-asserts-app/6391.js?_cache=56bb07d60d953acdaadc:2:91308)
    at https://plugins-cdn.grafana.net/grafana-asserts-app/1.21.0/public/plugins/grafana-asserts-app/6391.js?_cache=56bb07d60d953acdaadc:2:91491
    at new Promise (<anonymous>)
    at Object.add (https://plugins-cdn.grafana.net/grafana-asserts-app/1.21.0/public/plugins/grafana-asserts-app/6391.js?_cache=56bb07d60d953acdaadc:2:91431)
    at J.<anonymous> (https://plugins-cdn.grafana.net/grafana-asserts-app/1.21.0/public/plugins/grafana-asserts-app/6391.js?_cache=56bb07d60d953acdaadc:2:91852)
    at Generator.next (<anonymous>)
    at https://plugins-cdn.grafana.net/grafana-asserts-app/1.21.0/public/plugins/grafana-asserts-app/6391.js?_cache=56bb07d60d953acdaadc:2:90500 @ https://plugins-cdn.grafana.net/grafana-asserts-app/1.21.0/public/plugins/grafana-asserts-app/6391.js?_cache=56bb07d60d953acdaadc:1
[ 9686016ms] [WARNING] WebSocket connection to 'wss://devfedb13.grafana.net/api/live/ws' failed: WebSocket is closed before the connection is established. @ https://grafana-assets.grafana.net/grafana/13.2.0-31683987170/public/build/5304.b4fd8c663d86a74bb4cd.js:471
[ 9687016ms] [ERROR] WebSocket connection to 'wss://devfedb13.grafana.net/api/live/ws' failed: Error in connection establishment: net::ERR_INTERNET_DISCONNECTED @ https://grafana-assets.grafana.net/grafana/13.2.0-31683987170/public/build/5304.b4fd8c663d86a74bb4cd.js:471
[ 9687155ms] [ERROR] Failed to load resource: net::ERR_INTERNET_DISCONNECTED @ https://devfedb13.grafana.net/api/login/ping:0
[ 9687206ms] [ERROR] Failed to load resource: net::ERR_INTERNET_DISCONNECTED @ https://faro-collector-ops-eu-south-0.grafana-ops.net/collect/e3c6e2fd455e8f85102e5c6bcdf0ef29:0
[ 9687207ms] [ERROR] Faro
 @grafana/faro-web-sdk:transport-fetch
 Failed sending payload to the receiver
 {meta: Object, events: Array(1)} TypeError: Failed to fetch
    at https://plugins-cdn.grafana.net/grafana-asserts-app/1.21.0/public/plugins/grafana-asserts-app/6391.js?_cache=56bb07d60d953acdaadc:2:164781
    at o.<computed>.o.<computed> (https://rsi.grafana.com/v1.1/js-integrations/Fullstory.min.js:1:5852)
    at https://plugins-cdn.grafana.net/grafana-asserts-app/1.21.0/public/plugins/grafana-asserts-app/6391.js?_cache=56bb07d60d953acdaadc:2:92514
    at o (https://plugins-cdn.grafana.net/grafana-asserts-app/1.21.0/public/plugins/grafana-asserts-app/6391.js?_cache=56bb07d60d953acdaadc:2:91308)
    at https://plugins-cdn.grafana.net/grafana-asserts-app/1.21.0/public/plugins/grafana-asserts-app/6391.js?_cache=56bb07d60d953acdaadc:2:91491
    at new Promise (<anonymous>)
    at Object.add (https://plugins-cdn.grafana.net/grafana-asserts-app/1.21.0/public/plugins/grafana-asserts-app/6391.js?_cache=56bb07d60d953acdaadc:2:91431)
    at J.<anonymous> (https://plugins-cdn.grafana.net/grafana-asserts-app/1.21.0/public/plugins/grafana-asserts-app/6391.js?_cache=56bb07d60d953acdaadc:2:91852)
    at Generator.next (<anonymous>)
    at https://plugins-cdn.grafana.net/grafana-asserts-app/1.21.0/public/plugins/grafana-asserts-app/6391.js?_cache=56bb07d60d953acdaadc:2:90500 @ https://plugins-cdn.grafana.net/grafana-asserts-app/1.21.0/public/plugins/grafana-asserts-app/6391.js?_cache=56bb07d60d953acdaadc:1
[ 9687900ms] [ERROR] Failed to load resource: net::ERR_INTERNET_DISCONNECTED @ https://faro-collector-ops-eu-south-0.grafana-ops.net/collect/bc03dd0f2a088059ae67a23bc296a26d:0
[ 9687906ms] [ERROR] Failed to load resource: net::ERR_INTERNET_DISCONNECTED @ https://faro-collector-ops-eu-south-0.grafana-ops.net/collect/bc03dd0f2a088059ae67a23bc296a26d:0
[ 9688276ms] [ERROR] WebSocket connection to 'wss://devfedb13.grafana.net/api/live/ws' failed: Error in connection establishment: net::ERR_INTERNET_DISCONNECTED @ https://grafana-assets.grafana.net/grafana/13.2.0-31683987170/public/build/5304.b4fd8c663d86a74bb4cd.js:471
[ 9689900ms] [ERROR] Failed to load resource: net::ERR_INTERNET_DISCONNECTED @ https://faro-collector-ops-eu-south-0.grafana-ops.net/collect/bc03dd0f2a088059ae67a23bc296a26d:0
[ 9689903ms] [ERROR] Failed to load resource: net::ERR_INTERNET_DISCONNECTED @ https://faro-collector-ops-eu-south-0.grafana-ops.net/collect/bc03dd0f2a088059ae67a23bc296a26d:0
[ 9690594ms] [ERROR] WebSocket connection to 'wss://devfedb13.grafana.net/api/live/ws' failed: Error in connection establishment: net::ERR_INTERNET_DISCONNECTED @ https://grafana-assets.grafana.net/grafana/13.2.0-31683987170/public/build/5304.b4fd8c663d86a74bb4cd.js:471
[ 9693726ms] [ERROR] WebSocket connection to 'wss://devfedb13.grafana.net/api/live/ws' failed: Error in connection establishment: net::ERR_INTERNET_DISCONNECTED @ https://grafana-assets.grafana.net/grafana/13.2.0-31683987170/public/build/5304.b4fd8c663d86a74bb4cd.js:471
[ 9693744ms] [ERROR] Failed to load resource: net::ERR_INTERNET_DISCONNECTED @ https://devfedb13.grafana.net/api/login/ping:0
[ 9694710ms] [ERROR] WebSocket connection to 'wss://devfedb13.grafana.net/api/live/ws' failed: HTTP Authentication failed; no valid credentials available @ https://grafana-assets.grafana.net/grafana/13.2.0-31683987170/public/build/5304.b4fd8c663d86a74bb4cd.js:471
[ 9702025ms] [ERROR] WebSocket connection to 'wss://devfedb13.grafana.net/api/live/ws' failed: HTTP Authentication failed; no valid credentials available @ https://grafana-assets.grafana.net/grafana/13.2.0-31683987170/public/build/5304.b4fd8c663d86a74bb4cd.js:471
[ 9702366ms] [ERROR] Failed to load resource: the server responded with a status of 401 () @ https://devfedb13.grafana.net/api/login/ping:0
[10514955ms] [ERROR] WebSocket connection to 'wss://devfedb13.grafana.net/api/live/ws' failed: Error in connection establishment: net::ERR_INTERNET_DISCONNECTED @ https://grafana-assets.grafana.net/grafana/13.2.0-31683987170/public/build/5304.b4fd8c663d86a74bb4cd.js:471
[10514975ms] [ERROR] Failed to load resource: net::ERR_INTERNET_DISCONNECTED @ https://devfedb13.grafana.net/api/login/ping:0
[10515184ms] [ERROR] Failed to load resource: net::ERR_INTERNET_DISCONNECTED @ https://faro-collector-ops-eu-south-0.grafana-ops.net/collect/e3c6e2fd455e8f85102e5c6bcdf0ef29:0
[10515185ms] [ERROR] Faro
 @grafana/faro-web-sdk:transport-fetch
 Failed sending payload to the receiver
 {meta: Object, events: Array(1)} TypeError: Failed to fetch
    at https://plugins-cdn.grafana.net/grafana-asserts-app/1.21.0/public/plugins/grafana-asserts-app/6391.js?_cache=56bb07d60d953acdaadc:2:164781
    at o.<computed>.o.<computed> (https://rsi.grafana.com/v1.1/js-integrations/Fullstory.min.js:1:5852)
    at https://plugins-cdn.grafana.net/grafana-asserts-app/1.21.0/public/plugins/grafana-asserts-app/6391.js?_cache=56bb07d60d953acdaadc:2:92514
    at o (https://plugins-cdn.grafana.net/grafana-asserts-app/1.21.0/public/plugins/grafana-asserts-app/6391.js?_cache=56bb07d60d953acdaadc:2:91308)
    at https://plugins-cdn.grafana.net/grafana-asserts-app/1.21.0/public/plugins/grafana-asserts-app/6391.js?_cache=56bb07d60d953acdaadc:2:91491
    at new Promise (<anonymous>)
    at Object.add (https://plugins-cdn.grafana.net/grafana-asserts-app/1.21.0/public/plugins/grafana-asserts-app/6391.js?_cache=56bb07d60d953acdaadc:2:91431)
    at J.<anonymous> (https://plugins-cdn.grafana.net/grafana-asserts-app/1.21.0/public/plugins/grafana-asserts-app/6391.js?_cache=56bb07d60d953acdaadc:2:91852)
    at Generator.next (<anonymous>)
    at https://plugins-cdn.grafana.net/grafana-asserts-app/1.21.0/public/plugins/grafana-asserts-app/6391.js?_cache=56bb07d60d953acdaadc:2:90500 @ https://plugins-cdn.grafana.net/grafana-asserts-app/1.21.0/public/plugins/grafana-asserts-app/6391.js?_cache=56bb07d60d953acdaadc:1
[10515628ms] [ERROR] Failed to load resource: net::ERR_INTERNET_DISCONNECTED @ https://faro-collector-ops-eu-south-0.grafana-ops.net/collect/bc03dd0f2a088059ae67a23bc296a26d:0
[10515630ms] [ERROR] Failed to load resource: net::ERR_INTERNET_DISCONNECTED @ https://faro-collector-ops-eu-south-0.grafana-ops.net/collect/bc03dd0f2a088059ae67a23bc296a26d:0
[10516060ms] [ERROR] WebSocket connection to 'wss://devfedb13.grafana.net/api/live/ws' failed: Error in connection establishment: net::ERR_INTERNET_DISCONNECTED @ https://grafana-assets.grafana.net/grafana/13.2.0-31683987170/public/build/5304.b4fd8c663d86a74bb4cd.js:471
[10517201ms] [ERROR] WebSocket connection to 'wss://devfedb13.grafana.net/api/live/ws' failed: Error in connection establishment: net::ERR_INTERNET_DISCONNECTED @ https://grafana-assets.grafana.net/grafana/13.2.0-31683987170/public/build/5304.b4fd8c663d86a74bb4cd.js:471
[10517640ms] [ERROR] Failed to load resource: net::ERR_INTERNET_DISCONNECTED @ https://faro-collector-ops-eu-south-0.grafana-ops.net/collect/bc03dd0f2a088059ae67a23bc296a26d:0
[10517645ms] [ERROR] Failed to load resource: net::ERR_INTERNET_DISCONNECTED @ https://faro-collector-ops-eu-south-0.grafana-ops.net/collect/bc03dd0f2a088059ae67a23bc296a26d:0
[10519644ms] [ERROR] WebSocket connection to 'wss://devfedb13.grafana.net/api/live/ws' failed: Error in connection establishment: net::ERR_INTERNET_DISCONNECTED @ https://grafana-assets.grafana.net/grafana/13.2.0-31683987170/public/build/5304.b4fd8c663d86a74bb4cd.js:471
[10526962ms] [WARNING] WebSocket connection to 'wss://devfedb13.grafana.net/api/live/ws' failed: WebSocket is closed before the connection is established. @ https://grafana-assets.grafana.net/grafana/13.2.0-31683987170/public/build/5304.b4fd8c663d86a74bb4cd.js:471
[10530117ms] [ERROR] WebSocket connection to 'wss://devfedb13.grafana.net/api/live/ws' failed: Error in connection establishment: net::ERR_INTERNET_DISCONNECTED @ https://grafana-assets.grafana.net/grafana/13.2.0-31683987170/public/build/5304.b4fd8c663d86a74bb4cd.js:471
[10530138ms] [ERROR] Failed to load resource: net::ERR_INTERNET_DISCONNECTED @ https://devfedb13.grafana.net/api/login/ping:0
[10530185ms] [ERROR] Failed to load resource: net::ERR_INTERNET_DISCONNECTED @ https://faro-collector-ops-eu-south-0.grafana-ops.net/collect/e3c6e2fd455e8f85102e5c6bcdf0ef29:0
[10530186ms] [ERROR] Faro
 @grafana/faro-web-sdk:transport-fetch
 Failed sending payload to the receiver
 {meta: Object, events: Array(1)} TypeError: Failed to fetch
    at https://plugins-cdn.grafana.net/grafana-asserts-app/1.21.0/public/plugins/grafana-asserts-app/6391.js?_cache=56bb07d60d953acdaadc:2:164781
    at o.<computed>.o.<computed> (https://rsi.grafana.com/v1.1/js-integrations/Fullstory.min.js:1:5852)
    at https://plugins-cdn.grafana.net/grafana-asserts-app/1.21.0/public/plugins/grafana-asserts-app/6391.js?_cache=56bb07d60d953acdaadc:2:92514
    at o (https://plugins-cdn.grafana.net/grafana-asserts-app/1.21.0/public/plugins/grafana-asserts-app/6391.js?_cache=56bb07d60d953acdaadc:2:91308)
    at https://plugins-cdn.grafana.net/grafana-asserts-app/1.21.0/public/plugins/grafana-asserts-app/6391.js?_cache=56bb07d60d953acdaadc:2:91491
    at new Promise (<anonymous>)
    at Object.add (https://plugins-cdn.grafana.net/grafana-asserts-app/1.21.0/public/plugins/grafana-asserts-app/6391.js?_cache=56bb07d60d953acdaadc:2:91431)
    at J.<anonymous> (https://plugins-cdn.grafana.net/grafana-asserts-app/1.21.0/public/plugins/grafana-asserts-app/6391.js?_cache=56bb07d60d953acdaadc:2:91852)
    at Generator.next (<anonymous>)
    at https://plugins-cdn.grafana.net/grafana-asserts-app/1.21.0/public/plugins/grafana-asserts-app/6391.js?_cache=56bb07d60d953acdaadc:2:90500 @ https://plugins-cdn.grafana.net/grafana-asserts-app/1.21.0/public/plugins/grafana-asserts-app/6391.js?_cache=56bb07d60d953acdaadc:1
[10531633ms] [ERROR] Failed to load resource: net::ERR_INTERNET_DISCONNECTED @ https://faro-collector-ops-eu-south-0.grafana-ops.net/collect/bc03dd0f2a088059ae67a23bc296a26d:0
[10531635ms] [ERROR] Failed to load resource: net::ERR_INTERNET_DISCONNECTED @ https://faro-collector-ops-eu-south-0.grafana-ops.net/collect/bc03dd0f2a088059ae67a23bc296a26d:0
[11449891ms] [WARNING] WebSocket connection to 'wss://devfedb13.grafana.net/api/live/ws' failed: WebSocket is closed before the connection is established. @ https://grafana-assets.grafana.net/grafana/13.2.0-31683987170/public/build/5304.b4fd8c663d86a74bb4cd.js:471
[11460237ms] [ERROR] WebSocket connection to 'wss://devfedb13.grafana.net/api/live/ws' failed: HTTP Authentication failed; no valid credentials available @ https://grafana-assets.grafana.net/grafana/13.2.0-31683987170/public/build/5304.b4fd8c663d86a74bb4cd.js:471
[11461321ms] [ERROR] Failed to load resource: the server responded with a status of 401 () @ https://devfedb13.grafana.net/api/login/ping:0
[12488680ms] [ERROR] WebSocket connection to 'wss://devfedb13.grafana.net/api/live/ws' failed: Error in connection establishment: net::ERR_INTERNET_DISCONNECTED @ https://grafana-assets.grafana.net/grafana/13.2.0-31683987170/public/build/5304.b4fd8c663d86a74bb4cd.js:471
[12488702ms] [ERROR] Failed to load resource: net::ERR_INTERNET_DISCONNECTED @ https://devfedb13.grafana.net/api/login/ping:0
[12488864ms] [ERROR] Failed to load resource: net::ERR_INTERNET_DISCONNECTED @ https://faro-collector-ops-eu-south-0.grafana-ops.net/collect/e3c6e2fd455e8f85102e5c6bcdf0ef29:0
[12488864ms] [ERROR] Faro
 @grafana/faro-web-sdk:transport-fetch
 Failed sending payload to the receiver
 {meta: Object, events: Array(1)} TypeError: Failed to fetch
    at https://plugins-cdn.grafana.net/grafana-asserts-app/1.21.0/public/plugins/grafana-asserts-app/6391.js?_cache=56bb07d60d953acdaadc:2:164781
    at o.<computed>.o.<computed> (https://rsi.grafana.com/v1.1/js-integrations/Fullstory.min.js:1:5852)
    at https://plugins-cdn.grafana.net/grafana-asserts-app/1.21.0/public/plugins/grafana-asserts-app/6391.js?_cache=56bb07d60d953acdaadc:2:92514
    at o (https://plugins-cdn.grafana.net/grafana-asserts-app/1.21.0/public/plugins/grafana-asserts-app/6391.js?_cache=56bb07d60d953acdaadc:2:91308)
    at https://plugins-cdn.grafana.net/grafana-asserts-app/1.21.0/public/plugins/grafana-asserts-app/6391.js?_cache=56bb07d60d953acdaadc:2:91491
    at new Promise (<anonymous>)
    at Object.add (https://plugins-cdn.grafana.net/grafana-asserts-app/1.21.0/public/plugins/grafana-asserts-app/6391.js?_cache=56bb07d60d953acdaadc:2:91431)
    at J.<anonymous> (https://plugins-cdn.grafana.net/grafana-asserts-app/1.21.0/public/plugins/grafana-asserts-app/6391.js?_cache=56bb07d60d953acdaadc:2:91852)
    at Generator.next (<anonymous>)
    at https://plugins-cdn.grafana.net/grafana-asserts-app/1.21.0/public/plugins/grafana-asserts-app/6391.js?_cache=56bb07d60d953acdaadc:2:90500 @ https://plugins-cdn.grafana.net/grafana-asserts-app/1.21.0/public/plugins/grafana-asserts-app/6391.js?_cache=56bb07d60d953acdaadc:1
[12489719ms] [ERROR] WebSocket connection to 'wss://devfedb13.grafana.net/api/live/ws' failed: Error in connection establishment: net::ERR_INTERNET_DISCONNECTED @ https://grafana-assets.grafana.net/grafana/13.2.0-31683987170/public/build/5304.b4fd8c663d86a74bb4cd.js:471
[12489815ms] [ERROR] Failed to load resource: net::ERR_INTERNET_DISCONNECTED @ https://faro-collector-ops-eu-south-0.grafana-ops.net/collect/bc03dd0f2a088059ae67a23bc296a26d:0
[12489819ms] [ERROR] Failed to load resource: net::ERR_INTERNET_DISCONNECTED @ https://faro-collector-ops-eu-south-0.grafana-ops.net/collect/bc03dd0f2a088059ae67a23bc296a26d:0
[12491820ms] [ERROR] Failed to load resource: net::ERR_INTERNET_DISCONNECTED @ https://faro-collector-ops-eu-south-0.grafana-ops.net/collect/bc03dd0f2a088059ae67a23bc296a26d:0
[12491824ms] [ERROR] Failed to load resource: net::ERR_INTERNET_DISCONNECTED @ https://faro-collector-ops-eu-south-0.grafana-ops.net/collect/bc03dd0f2a088059ae67a23bc296a26d:0
[12492035ms] [ERROR] WebSocket connection to 'wss://devfedb13.grafana.net/api/live/ws' failed: Error in connection establishment: net::ERR_INTERNET_DISCONNECTED @ https://grafana-assets.grafana.net/grafana/13.2.0-31683987170/public/build/5304.b4fd8c663d86a74bb4cd.js:471
[13505186ms] [ERROR] WebSocket connection to 'wss://devfedb13.grafana.net/api/live/ws' failed: Error in connection establishment: net::ERR_INTERNET_DISCONNECTED @ https://grafana-assets.grafana.net/grafana/13.2.0-31683987170/public/build/5304.b4fd8c663d86a74bb4cd.js:471
[13505200ms] [ERROR] Failed to load resource: net::ERR_INTERNET_DISCONNECTED @ https://devfedb13.grafana.net/api/login/ping:0
[13505271ms] [ERROR] Failed to load resource: net::ERR_INTERNET_DISCONNECTED @ https://faro-collector-ops-eu-south-0.grafana-ops.net/collect/e3c6e2fd455e8f85102e5c6bcdf0ef29:0
[13505271ms] [ERROR] Faro
 @grafana/faro-web-sdk:transport-fetch
 Failed sending payload to the receiver
 {meta: Object, events: Array(1)} TypeError: Failed to fetch
    at https://plugins-cdn.grafana.net/grafana-asserts-app/1.21.0/public/plugins/grafana-asserts-app/6391.js?_cache=56bb07d60d953acdaadc:2:164781
    at o.<computed>.o.<computed> (https://rsi.grafana.com/v1.1/js-integrations/Fullstory.min.js:1:5852)
    at https://plugins-cdn.grafana.net/grafana-asserts-app/1.21.0/public/plugins/grafana-asserts-app/6391.js?_cache=56bb07d60d953acdaadc:2:92514
    at o (https://plugins-cdn.grafana.net/grafana-asserts-app/1.21.0/public/plugins/grafana-asserts-app/6391.js?_cache=56bb07d60d953acdaadc:2:91308)
    at https://plugins-cdn.grafana.net/grafana-asserts-app/1.21.0/public/plugins/grafana-asserts-app/6391.js?_cache=56bb07d60d953acdaadc:2:91491
    at new Promise (<anonymous>)
    at Object.add (https://plugins-cdn.grafana.net/grafana-asserts-app/1.21.0/public/plugins/grafana-asserts-app/6391.js?_cache=56bb07d60d953acdaadc:2:91431)
    at J.<anonymous> (https://plugins-cdn.grafana.net/grafana-asserts-app/1.21.0/public/plugins/grafana-asserts-app/6391.js?_cache=56bb07d60d953acdaadc:2:91852)
    at Generator.next (<anonymous>)
    at https://plugins-cdn.grafana.net/grafana-asserts-app/1.21.0/public/plugins/grafana-asserts-app/6391.js?_cache=56bb07d60d953acdaadc:2:90500 @ https://plugins-cdn.grafana.net/grafana-asserts-app/1.21.0/public/plugins/grafana-asserts-app/6391.js?_cache=56bb07d60d953acdaadc:1
[13505470ms] [ERROR] Failed to load resource: net::ERR_INTERNET_DISCONNECTED @ https://faro-collector-ops-eu-south-0.grafana-ops.net/collect/bc03dd0f2a088059ae67a23bc296a26d:0
[13505471ms] [ERROR] Failed to load resource: net::ERR_INTERNET_DISCONNECTED @ https://faro-collector-ops-eu-south-0.grafana-ops.net/collect/bc03dd0f2a088059ae67a23bc296a26d:0
[13505473ms] [ERROR] Failed to load resource: net::ERR_INTERNET_DISCONNECTED @ https://faro-collector-ops-eu-south-0.grafana-ops.net/collect/bc03dd0f2a088059ae67a23bc296a26d:0
[13505473ms] [ERROR] Failed to load resource: net::ERR_INTERNET_DISCONNECTED @ https://faro-collector-ops-eu-south-0.grafana-ops.net/collect/bc03dd0f2a088059ae67a23bc296a26d:0
[13507474ms] [ERROR] Failed to load resource: net::ERR_INTERNET_DISCONNECTED @ https://faro-collector-ops-eu-south-0.grafana-ops.net/collect/bc03dd0f2a088059ae67a23bc296a26d:0
[13507476ms] [ERROR] Failed to load resource: net::ERR_INTERNET_DISCONNECTED @ https://faro-collector-ops-eu-south-0.grafana-ops.net/collect/bc03dd0f2a088059ae67a23bc296a26d:0
[13509601ms] [ERROR] WebSocket connection to 'wss://devfedb13.grafana.net/api/live/ws' failed: Error in connection establishment: net::ERR_INTERNET_DISCONNECTED @ https://grafana-assets.grafana.net/grafana/13.2.0-31683987170/public/build/5304.b4fd8c663d86a74bb4cd.js:471
[16576213ms] [ERROR] WebSocket connection to 'wss://devfedb13.grafana.net/api/live/ws' failed: Error in connection establishment: net::ERR_INTERNET_DISCONNECTED @ https://grafana-assets.grafana.net/grafana/13.2.0-31683987170/public/build/5304.b4fd8c663d86a74bb4cd.js:471
[16576225ms] [ERROR] Failed to load resource: net::ERR_INTERNET_DISCONNECTED @ https://devfedb13.grafana.net/api/login/ping:0
[16576267ms] [ERROR] Failed to load resource: net::ERR_INTERNET_DISCONNECTED @ https://faro-collector-ops-eu-south-0.grafana-ops.net/collect/e3c6e2fd455e8f85102e5c6bcdf0ef29:0
[16576267ms] [ERROR] Faro
 @grafana/faro-web-sdk:transport-fetch
 Failed sending payload to the receiver
 {meta: Object, events: Array(1)} TypeError: Failed to fetch
    at https://plugins-cdn.grafana.net/grafana-asserts-app/1.21.0/public/plugins/grafana-asserts-app/6391.js?_cache=56bb07d60d953acdaadc:2:164781
    at o.<computed>.o.<computed> (https://rsi.grafana.com/v1.1/js-integrations/Fullstory.min.js:1:5852)
    at https://plugins-cdn.grafana.net/grafana-asserts-app/1.21.0/public/plugins/grafana-asserts-app/6391.js?_cache=56bb07d60d953acdaadc:2:92514
    at o (https://plugins-cdn.grafana.net/grafana-asserts-app/1.21.0/public/plugins/grafana-asserts-app/6391.js?_cache=56bb07d60d953acdaadc:2:91308)
    at https://plugins-cdn.grafana.net/grafana-asserts-app/1.21.0/public/plugins/grafana-asserts-app/6391.js?_cache=56bb07d60d953acdaadc:2:91491
    at new Promise (<anonymous>)
    at Object.add (https://plugins-cdn.grafana.net/grafana-asserts-app/1.21.0/public/plugins/grafana-asserts-app/6391.js?_cache=56bb07d60d953acdaadc:2:91431)
    at J.<anonymous> (https://plugins-cdn.grafana.net/grafana-asserts-app/1.21.0/public/plugins/grafana-asserts-app/6391.js?_cache=56bb07d60d953acdaadc:2:91852)
    at Generator.next (<anonymous>)
    at https://plugins-cdn.grafana.net/grafana-asserts-app/1.21.0/public/plugins/grafana-asserts-app/6391.js?_cache=56bb07d60d953acdaadc:2:90500 @ https://plugins-cdn.grafana.net/grafana-asserts-app/1.21.0/public/plugins/grafana-asserts-app/6391.js?_cache=56bb07d60d953acdaadc:1
[16634503ms] [ERROR] Failed to load resource: net::ERR_INTERNET_DISCONNECTED @ https://faro-collector-ops-eu-south-0.grafana-ops.net/collect/bc03dd0f2a088059ae67a23bc296a26d:0
[16634524ms] [ERROR] Failed to load resource: net::ERR_INTERNET_DISCONNECTED @ https://faro-collector-ops-eu-south-0.grafana-ops.net/collect/bc03dd0f2a088059ae67a23bc296a26d:0
[16639699ms] [ERROR] WebSocket connection to 'wss://devfedb13.grafana.net/api/live/ws' failed: HTTP Authentication failed; no valid credentials available @ https://grafana-assets.grafana.net/grafana/13.2.0-31683987170/public/build/5304.b4fd8c663d86a74bb4cd.js:471
[16639844ms] [ERROR] Failed to load resource: net::ERR_NETWORK_CHANGED @ https://devfedb13.grafana.net/api/login/ping:0
[16646074ms] [ERROR] WebSocket connection to 'wss://devfedb13.grafana.net/api/live/ws' failed: HTTP Authentication failed; no valid credentials available @ https://grafana-assets.grafana.net/grafana/13.2.0-31683987170/public/build/5304.b4fd8c663d86a74bb4cd.js:471
[16646424ms] [ERROR] Failed to load resource: the server responded with a status of 401 () @ https://devfedb13.grafana.net/api/login/ping:0
[18395953ms] [ERROR] WebSocket connection to 'wss://devfedb13.grafana.net/api/live/ws' failed: HTTP Authentication failed; no valid credentials available @ https://grafana-assets.grafana.net/grafana/13.2.0-31683987170/public/build/5304.b4fd8c663d86a74bb4cd.js:471
[18396361ms] [ERROR] Failed to load resource: the server responded with a status of 401 () @ https://devfedb13.grafana.net/api/login/ping:0
[25227954ms] [ERROR] WebSocket connection to 'wss://devfedb13.grafana.net/api/live/ws' failed: Error in connection establishment: net::ERR_NAME_NOT_RESOLVED @ https://grafana-assets.grafana.net/grafana/13.2.0-31683987170/public/build/5304.b4fd8c663d86a74bb4cd.js:471
[25228043ms] [ERROR] Failed to load resource: net::ERR_NETWORK_CHANGED @ https://devfedb13.grafana.net/api/login/ping:0
[25228356ms] [ERROR] Failed to load resource: net::ERR_NETWORK_CHANGED @ https://faro-collector-ops-eu-south-0.grafana-ops.net/collect/e3c6e2fd455e8f85102e5c6bcdf0ef29:0
[25228357ms] [ERROR] Faro
 @grafana/faro-web-sdk:transport-fetch
 Failed sending payload to the receiver
 {meta: Object, events: Array(1)} TypeError: Failed to fetch
    at https://plugins-cdn.grafana.net/grafana-asserts-app/1.21.0/public/plugins/grafana-asserts-app/6391.js?_cache=56bb07d60d953acdaadc:2:164781
    at o.<computed>.o.<computed> (https://rsi.grafana.com/v1.1/js-integrations/Fullstory.min.js:1:5852)
    at https://plugins-cdn.grafana.net/grafana-asserts-app/1.21.0/public/plugins/grafana-asserts-app/6391.js?_cache=56bb07d60d953acdaadc:2:92514
    at o (https://plugins-cdn.grafana.net/grafana-asserts-app/1.21.0/public/plugins/grafana-asserts-app/6391.js?_cache=56bb07d60d953acdaadc:2:91308)
    at https://plugins-cdn.grafana.net/grafana-asserts-app/1.21.0/public/plugins/grafana-asserts-app/6391.js?_cache=56bb07d60d953acdaadc:2:91491
    at new Promise (<anonymous>)
    at Object.add (https://plugins-cdn.grafana.net/grafana-asserts-app/1.21.0/public/plugins/grafana-asserts-app/6391.js?_cache=56bb07d60d953acdaadc:2:91431)
    at J.<anonymous> (https://plugins-cdn.grafana.net/grafana-asserts-app/1.21.0/public/plugins/grafana-asserts-app/6391.js?_cache=56bb07d60d953acdaadc:2:91852)
    at Generator.next (<anonymous>)
    at https://plugins-cdn.grafana.net/grafana-asserts-app/1.21.0/public/plugins/grafana-asserts-app/6391.js?_cache=56bb07d60d953acdaadc:2:90500 @ https://plugins-cdn.grafana.net/grafana-asserts-app/1.21.0/public/plugins/grafana-asserts-app/6391.js?_cache=56bb07d60d953acdaadc:1
[25230056ms] [ERROR] WebSocket connection to 'wss://devfedb13.grafana.net/api/live/ws' failed: HTTP Authentication failed; no valid credentials available @ https://grafana-assets.grafana.net/grafana/13.2.0-31683987170/public/build/5304.b4fd8c663d86a74bb4cd.js:471
[25231532ms] [ERROR] WebSocket connection to 'wss://devfedb13.grafana.net/api/live/ws' failed: HTTP Authentication failed; no valid credentials available @ https://grafana-assets.grafana.net/grafana/13.2.0-31683987170/public/build/5304.b4fd8c663d86a74bb4cd.js:471
[26258388ms] [ERROR] WebSocket connection to 'wss://devfedb13.grafana.net/api/live/ws' failed: HTTP Authentication failed; no valid credentials available @ https://grafana-assets.grafana.net/grafana/13.2.0-31683987170/public/build/5304.b4fd8c663d86a74bb4cd.js:471
[26258743ms] [ERROR] Failed to load resource: the server responded with a status of 401 () @ https://devfedb13.grafana.net/api/login/ping:0
[27198152ms] [ERROR] Failed to load resource: net::ERR_NETWORK_CHANGED @ https://faro-collector-ops-eu-south-0.grafana-ops.net/collect/bc03dd0f2a088059ae67a23bc296a26d:0
[27198518ms] [ERROR] Failed to load resource: net::ERR_NETWORK_CHANGED @ https://faro-collector-ops-eu-south-0.grafana-ops.net/collect/bc03dd0f2a088059ae67a23bc296a26d:0
[27198876ms] [ERROR] WebSocket connection to 'wss://devfedb13.grafana.net/api/live/ws' failed: HTTP Authentication failed; no valid credentials available @ https://grafana-assets.grafana.net/grafana/13.2.0-31683987170/public/build/5304.b4fd8c663d86a74bb4cd.js:471
[27199309ms] [ERROR] Failed to load resource: the server responded with a status of 401 () @ https://devfedb13.grafana.net/api/login/ping:0
[27200283ms] [ERROR] Faro
 @grafana/faro-web-sdk:transport-fetch
 Failed sending payload to the receiver
 {meta: Object, events: Array(1)} TypeError: Cannot read properties of undefined (reading 'internalLogger')
    at logDebug (https://plugins-cdn.grafana.net/grafana-asserts-app/1.21.0/public/plugins/grafana-asserts-app/6391.js?_cache=56bb07d60d953acdaadc:2:34525)
    at J.extendFaroSession (https://plugins-cdn.grafana.net/grafana-asserts-app/1.21.0/public/plugins/grafana-asserts-app/6391.js?_cache=56bb07d60d953acdaadc:2:93777)
    at J.<anonymous> (https://plugins-cdn.grafana.net/grafana-asserts-app/1.21.0/public/plugins/grafana-asserts-app/6391.js?_cache=56bb07d60d953acdaadc:2:92856)
    at Generator.next (<anonymous>)
    at https://plugins-cdn.grafana.net/grafana-asserts-app/1.21.0/public/plugins/grafana-asserts-app/6391.js?_cache=56bb07d60d953acdaadc:2:90500
    at new Promise (<anonymous>)
    at K (https://plugins-cdn.grafana.net/grafana-asserts-app/1.21.0/public/plugins/grafana-asserts-app/6391.js?_cache=56bb07d60d953acdaadc:2:90248)
    at https://plugins-cdn.grafana.net/grafana-asserts-app/1.21.0/public/plugins/grafana-asserts-app/6391.js?_cache=56bb07d60d953acdaadc:2:92747 @ https://plugins-cdn.grafana.net/grafana-asserts-app/1.21.0/public/plugins/grafana-asserts-app/6391.js?_cache=56bb07d60d953acdaadc:1
[28169432ms] [ERROR] WebSocket connection to 'wss://devfedb13.grafana.net/api/live/ws' failed: HTTP Authentication failed; no valid credentials available @ https://grafana-assets.grafana.net/grafana/13.2.0-31683987170/public/build/5304.b4fd8c663d86a74bb4cd.js:471
[28169968ms] [ERROR] Failed to load resource: the server responded with a status of 401 () @ https://devfedb13.grafana.net/api/login/ping:0
[28170581ms] [ERROR] Faro
 @grafana/faro-web-sdk:transport-fetch
 Failed sending payload to the receiver
 {meta: Object, events: Array(1)} TypeError: Cannot read properties of undefined (reading 'internalLogger')
    at logDebug (https://plugins-cdn.grafana.net/grafana-asserts-app/1.21.0/public/plugins/grafana-asserts-app/6391.js?_cache=56bb07d60d953acdaadc:2:34525)
    at J.extendFaroSession (https://plugins-cdn.grafana.net/grafana-asserts-app/1.21.0/public/plugins/grafana-asserts-app/6391.js?_cache=56bb07d60d953acdaadc:2:93777)
    at J.<anonymous> (https://plugins-cdn.grafana.net/grafana-asserts-app/1.21.0/public/plugins/grafana-asserts-app/6391.js?_cache=56bb07d60d953acdaadc:2:92856)
    at Generator.next (<anonymous>)
    at https://plugins-cdn.grafana.net/grafana-asserts-app/1.21.0/public/plugins/grafana-asserts-app/6391.js?_cache=56bb07d60d953acdaadc:2:90500
    at new Promise (<anonymous>)
    at K (https://plugins-cdn.grafana.net/grafana-asserts-app/1.21.0/public/plugins/grafana-asserts-app/6391.js?_cache=56bb07d60d953acdaadc:2:90248)
    at https://plugins-cdn.grafana.net/grafana-asserts-app/1.21.0/public/plugins/grafana-asserts-app/6391.js?_cache=56bb07d60d953acdaadc:2:92747 @ https://plugins-cdn.grafana.net/grafana-asserts-app/1.21.0/public/plugins/grafana-asserts-app/6391.js?_cache=56bb07d60d953acdaadc:1
[28811536ms] [ERROR] WebSocket connection to 'wss://devfedb13.grafana.net/api/live/ws' failed: HTTP Authentication failed; no valid credentials available @ https://grafana-assets.grafana.net/grafana/13.2.0-31683987170/public/build/5304.b4fd8c663d86a74bb4cd.js:471
[28811815ms] [ERROR] Failed to load resource: the server responded with a status of 401 () @ https://devfedb13.grafana.net/api/login/ping:0
