[    3565ms] [ERROR] Failed to load resource: the server responded with a status of 404 () @ https://deveadf53.grafana.net/apis/userstorage.grafana.app/v0alpha1/namespaces/stacks-1744045/user-storage/saved-queries:efts33ixamkn4b:0
[    4567ms] [ERROR] Faro
 Attempted to create a new user action while one is already running. This is not possible. @ https://plugins-cdn.grafana.net/grafana-kowalski-app/1.64.0/public/plugins/grafana-kowalski-app/463.js?_cache=1ed629a5641ef9c0de99:1
[    4794ms] [ERROR] Faro
 Attempted to create a new user action while one is already running. This is not possible. @ https://plugins-cdn.grafana.net/grafana-kowalski-app/1.64.0/public/plugins/grafana-kowalski-app/463.js?_cache=1ed629a5641ef9c0de99:1
[    4798ms] [WARNING] SceneObject already has a parent set that is different from the new parent. You cannot share the same SceneObject instance in multiple scenes or in multiple different places of the same scene graph. Use SceneObject.clone() to duplicate a SceneObject or store a state key reference and use sceneGraph.findObject to locate it. u zv @ https://plugins-cdn.grafana.net/grafana-kowalski-app/1.64.0/public/plugins/grafana-kowalski-app/141.js?_cache=3493fae15aff159eec22:0
[    4799ms] [ERROR] Faro
 Attempted to create a new user action while one is already running. This is not possible. @ https://plugins-cdn.grafana.net/grafana-kowalski-app/1.64.0/public/plugins/grafana-kowalski-app/463.js?_cache=1ed629a5641ef9c0de99:1
[    4813ms] [ERROR] Faro
 Attempted to create a new user action while one is already running. This is not possible. @ https://plugins-cdn.grafana.net/grafana-kowalski-app/1.64.0/public/plugins/grafana-kowalski-app/463.js?_cache=1ed629a5641ef9c0de99:1
[    4823ms] [WARNING] SceneObject already has a parent set that is different from the new parent. You cannot share the same SceneObject instance in multiple scenes or in multiple different places of the same scene graph. Use SceneObject.clone() to duplicate a SceneObject or store a state key reference and use sceneGraph.findObject to locate it. L y @ https://plugins-cdn.grafana.net/grafana-kowalski-app/1.64.0/public/plugins/grafana-kowalski-app/141.js?_cache=3493fae15aff159eec22:0
[    4823ms] [WARNING] SceneObject already has a parent set that is different from the new parent. You cannot share the same SceneObject instance in multiple scenes or in multiple different places of the same scene graph. Use SceneObject.clone() to duplicate a SceneObject or store a state key reference and use sceneGraph.findObject to locate it. d u @ https://plugins-cdn.grafana.net/grafana-kowalski-app/1.64.0/public/plugins/grafana-kowalski-app/141.js?_cache=3493fae15aff159eec22:0
[    4954ms] [ERROR] Faro
 @grafana/faro-instrumentation-replay
 Error occurred during session replay SyntaxError: Failed to execute 'insertRule' on 'CSSStyleSheet': Failed to parse the rule '.css-1aumjra::-moz-placeholder{color:rgba(204, 204, 220, 0.61);}'.
    at https://plugins-cdn.grafana.net/grafana-kowalski-app/1.64.0/public/plugins/grafana-kowalski-app/463.js?_cache=1ed629a5641ef9c0de99:2:160861
    at Object.apply (https://plugins-cdn.grafana.net/grafana-kowalski-app/1.64.0/public/plugins/grafana-kowalski-app/463.js?_cache=1ed629a5641ef9c0de99:2:152759)
    at et.insert (https://grafana-assets.grafana.net/grafana/13.2.0-30537469096/public/build/8703-react19.f21c4f6b315c2cb27ec6.js:1:2487)
    at https://grafana-assets.grafana.net/grafana/13.2.0-30537469096/public/build/8703-react19.f21c4f6b315c2cb27ec6.js:1:13033
    at Array.<anonymous> (https://grafana-assets.grafana.net/grafana/13.2.0-30537469096/public/build/8703-react19.f21c4f6b315c2cb27ec6.js:1:5801)
    at https://grafana-assets.grafana.net/grafana/13.2.0-30537469096/public/build/8703-react19.f21c4f6b315c2cb27ec6.js:1:5713
    at ht (https://grafana-assets.grafana.net/grafana/13.2.0-30537469096/public/build/8703-react19.f21c4f6b315c2cb27ec6.js:1:5225)
    at https://grafana-assets.grafana.net/grafana/13.2.0-30537469096/public/build/8703-react19.f21c4f6b315c2cb27ec6.js:1:12238
    at Array.map (<anonymous>)
    at se (https://grafana-assets.grafana.net/grafana/13.2.0-30537469096/public/build/8703-react19.f21c4f6b315c2cb27ec6.js:1:3261) @ https://plugins-cdn.grafana.net/grafana-kowalski-app/1.64.0/public/plugins/grafana-kowalski-app/463.js?_cache=1ed629a5641ef9c0de99:1
[    4954ms] [ERROR] Faro
 @grafana/faro-instrumentation-replay
 Error occurred during session replay SyntaxError: Failed to execute 'insertRule' on 'CSSStyleSheet': Failed to parse the rule '.css-1aumjra:-ms-input-placeholder{color:rgba(204, 204, 220, 0.61);}'.
    at https://plugins-cdn.grafana.net/grafana-kowalski-app/1.64.0/public/plugins/grafana-kowalski-app/463.js?_cache=1ed629a5641ef9c0de99:2:160861
    at Object.apply (https://plugins-cdn.grafana.net/grafana-kowalski-app/1.64.0/public/plugins/grafana-kowalski-app/463.js?_cache=1ed629a5641ef9c0de99:2:152759)
    at et.insert (https://grafana-assets.grafana.net/grafana/13.2.0-30537469096/public/build/8703-react19.f21c4f6b315c2cb27ec6.js:1:2487)
    at https://grafana-assets.grafana.net/grafana/13.2.0-30537469096/public/build/8703-react19.f21c4f6b315c2cb27ec6.js:1:13033
    at Array.<anonymous> (https://grafana-assets.grafana.net/grafana/13.2.0-30537469096/public/build/8703-react19.f21c4f6b315c2cb27ec6.js:1:5801)
    at https://grafana-assets.grafana.net/grafana/13.2.0-30537469096/public/build/8703-react19.f21c4f6b315c2cb27ec6.js:1:5713
    at ht (https://grafana-assets.grafana.net/grafana/13.2.0-30537469096/public/build/8703-react19.f21c4f6b315c2cb27ec6.js:1:5225)
    at https://grafana-assets.grafana.net/grafana/13.2.0-30537469096/public/build/8703-react19.f21c4f6b315c2cb27ec6.js:1:12238
    at Array.map (<anonymous>)
    at se (https://grafana-assets.grafana.net/grafana/13.2.0-30537469096/public/build/8703-react19.f21c4f6b315c2cb27ec6.js:1:3261) @ https://plugins-cdn.grafana.net/grafana-kowalski-app/1.64.0/public/plugins/grafana-kowalski-app/463.js?_cache=1ed629a5641ef9c0de99:1
[    4973ms] [ERROR] Faro
 @grafana/faro-instrumentation-replay
 Error occurred during session replay SyntaxError: Failed to execute 'insertRule' on 'CSSStyleSheet': Failed to parse the rule '.css-10q7qbh::-moz-placeholder{color:rgba(204, 204, 220, 0.61);}'.
    at https://plugins-cdn.grafana.net/grafana-kowalski-app/1.64.0/public/plugins/grafana-kowalski-app/463.js?_cache=1ed629a5641ef9c0de99:2:160861
    at Object.apply (https://plugins-cdn.grafana.net/grafana-kowalski-app/1.64.0/public/plugins/grafana-kowalski-app/463.js?_cache=1ed629a5641ef9c0de99:2:152759)
    at et.insert (https://grafana-assets.grafana.net/grafana/13.2.0-30537469096/public/build/8703-react19.f21c4f6b315c2cb27ec6.js:1:2487)
    at https://grafana-assets.grafana.net/grafana/13.2.0-30537469096/public/build/8703-react19.f21c4f6b315c2cb27ec6.js:1:13033
    at Array.<anonymous> (https://grafana-assets.grafana.net/grafana/13.2.0-30537469096/public/build/8703-react19.f21c4f6b315c2cb27ec6.js:1:5801)
    at https://grafana-assets.grafana.net/grafana/13.2.0-30537469096/public/build/8703-react19.f21c4f6b315c2cb27ec6.js:1:5713
    at ht (https://grafana-assets.grafana.net/grafana/13.2.0-30537469096/public/build/8703-react19.f21c4f6b315c2cb27ec6.js:1:5225)
    at https://grafana-assets.grafana.net/grafana/13.2.0-30537469096/public/build/8703-react19.f21c4f6b315c2cb27ec6.js:1:12238
    at Array.map (<anonymous>)
    at se (https://grafana-assets.grafana.net/grafana/13.2.0-30537469096/public/build/8703-react19.f21c4f6b315c2cb27ec6.js:1:3261) @ https://plugins-cdn.grafana.net/grafana-kowalski-app/1.64.0/public/plugins/grafana-kowalski-app/463.js?_cache=1ed629a5641ef9c0de99:1
[    4973ms] [ERROR] Faro
 @grafana/faro-instrumentation-replay
 Error occurred during session replay SyntaxError: Failed to execute 'insertRule' on 'CSSStyleSheet': Failed to parse the rule '.css-10q7qbh:-ms-input-placeholder{color:rgba(204, 204, 220, 0.61);}'.
    at https://plugins-cdn.grafana.net/grafana-kowalski-app/1.64.0/public/plugins/grafana-kowalski-app/463.js?_cache=1ed629a5641ef9c0de99:2:160861
    at Object.apply (https://plugins-cdn.grafana.net/grafana-kowalski-app/1.64.0/public/plugins/grafana-kowalski-app/463.js?_cache=1ed629a5641ef9c0de99:2:152759)
    at et.insert (https://grafana-assets.grafana.net/grafana/13.2.0-30537469096/public/build/8703-react19.f21c4f6b315c2cb27ec6.js:1:2487)
    at https://grafana-assets.grafana.net/grafana/13.2.0-30537469096/public/build/8703-react19.f21c4f6b315c2cb27ec6.js:1:13033
    at Array.<anonymous> (https://grafana-assets.grafana.net/grafana/13.2.0-30537469096/public/build/8703-react19.f21c4f6b315c2cb27ec6.js:1:5801)
    at https://grafana-assets.grafana.net/grafana/13.2.0-30537469096/public/build/8703-react19.f21c4f6b315c2cb27ec6.js:1:5713
    at ht (https://grafana-assets.grafana.net/grafana/13.2.0-30537469096/public/build/8703-react19.f21c4f6b315c2cb27ec6.js:1:5225)
    at https://grafana-assets.grafana.net/grafana/13.2.0-30537469096/public/build/8703-react19.f21c4f6b315c2cb27ec6.js:1:12238
    at Array.map (<anonymous>)
    at se (https://grafana-assets.grafana.net/grafana/13.2.0-30537469096/public/build/8703-react19.f21c4f6b315c2cb27ec6.js:1:3261) @ https://plugins-cdn.grafana.net/grafana-kowalski-app/1.64.0/public/plugins/grafana-kowalski-app/463.js?_cache=1ed629a5641ef9c0de99:1
[    5131ms] [ERROR] Failed to load resource: the server responded with a status of 404 () @ https://deveadf53.grafana.net/apis/userstorage.grafana.app/v0alpha1/namespaces/stacks-1744045/user-storage/grafana-kowalski-app:efts33ixamkn4b:0
[    5179ms] [ERROR] Faro
 @grafana/faro-instrumentation-replay
 Error occurred during session replay SyntaxError: Failed to execute 'insertRule' on 'CSSStyleSheet': Failed to parse the rule '.inci-qkfbqu-btn::-moz-focus-inner{border:0;padding:0;}'.
    at https://plugins-cdn.grafana.net/grafana-kowalski-app/1.64.0/public/plugins/grafana-kowalski-app/463.js?_cache=1ed629a5641ef9c0de99:2:160861
    at Object.apply (https://plugins-cdn.grafana.net/grafana-kowalski-app/1.64.0/public/plugins/grafana-kowalski-app/463.js?_cache=1ed629a5641ef9c0de99:2:152759)
    at t.insert (https://plugins-cdn.grafana.net/grafana-irm-app/0.113.0/public/plugins/grafana-irm-app/vendor-13d7706362b7b61d07de.js:2:49401)
    at f (https://plugins-cdn.grafana.net/grafana-irm-app/0.113.0/public/plugins/grafana-irm-app/vendor-13d7706362b7b61d07de.js:2:57681)
    at Array.p (https://plugins-cdn.grafana.net/grafana-irm-app/0.113.0/public/plugins/grafana-irm-app/vendor-13d7706362b7b61d07de.js:2:57726)
    at m (https://plugins-cdn.grafana.net/grafana-irm-app/0.113.0/public/plugins/grafana-irm-app/vendor-13d7706362b7b61d07de.js:2:57815)
    at U (https://plugins-cdn.grafana.net/grafana-irm-app/0.113.0/public/plugins/grafana-irm-app/vendor-13d7706362b7b61d07de.js:2:51382)
    at Object.o [as insert] (https://plugins-cdn.grafana.net/grafana-irm-app/0.113.0/public/plugins/grafana-irm-app/vendor-13d7706362b7b61d07de.js:2:57864)
    at o (https://plugins-cdn.grafana.net/grafana-irm-app/0.113.0/public/plugins/grafana-irm-app/vendor-13d7706362b7b61d07de.js:2:62950)
    at n (https://plugins-cdn.grafana.net/grafana-irm-app/0.113.0/public/plugins/grafana-irm-app/vendor-13d7706362b7b61d07de.js:2:58335) @ https://plugins-cdn.grafana.net/grafana-kowalski-app/1.64.0/public/plugins/grafana-kowalski-app/463.js?_cache=1ed629a5641ef9c0de99:1
[    5199ms] [ERROR] Faro
 @grafana/faro-instrumentation-replay
 Error occurred during session replay SyntaxError: Failed to execute 'insertRule' on 'CSSStyleSheet': Failed to parse the rule '.inci-1c5615l-btn::-moz-focus-inner{border:0;padding:0;}'.
    at https://plugins-cdn.grafana.net/grafana-kowalski-app/1.64.0/public/plugins/grafana-kowalski-app/463.js?_cache=1ed629a5641ef9c0de99:2:160861
    at Object.apply (https://plugins-cdn.grafana.net/grafana-kowalski-app/1.64.0/public/plugins/grafana-kowalski-app/463.js?_cache=1ed629a5641ef9c0de99:2:152759)
    at t.insert (https://plugins-cdn.grafana.net/grafana-irm-app/0.113.0/public/plugins/grafana-irm-app/vendor-13d7706362b7b61d07de.js:2:49401)
    at f (https://plugins-cdn.grafana.net/grafana-irm-app/0.113.0/public/plugins/grafana-irm-app/vendor-13d7706362b7b61d07de.js:2:57681)
    at Array.p (https://plugins-cdn.grafana.net/grafana-irm-app/0.113.0/public/plugins/grafana-irm-app/vendor-13d7706362b7b61d07de.js:2:57726)
    at m (https://plugins-cdn.grafana.net/grafana-irm-app/0.113.0/public/plugins/grafana-irm-app/vendor-13d7706362b7b61d07de.js:2:57815)
    at U (https://plugins-cdn.grafana.net/grafana-irm-app/0.113.0/public/plugins/grafana-irm-app/vendor-13d7706362b7b61d07de.js:2:51382)
    at Object.o [as insert] (https://plugins-cdn.grafana.net/grafana-irm-app/0.113.0/public/plugins/grafana-irm-app/vendor-13d7706362b7b61d07de.js:2:57864)
    at o (https://plugins-cdn.grafana.net/grafana-irm-app/0.113.0/public/plugins/grafana-irm-app/vendor-13d7706362b7b61d07de.js:2:62950)
    at n (https://plugins-cdn.grafana.net/grafana-irm-app/0.113.0/public/plugins/grafana-irm-app/vendor-13d7706362b7b61d07de.js:2:58335) @ https://plugins-cdn.grafana.net/grafana-kowalski-app/1.64.0/public/plugins/grafana-kowalski-app/463.js?_cache=1ed629a5641ef9c0de99:1
[    5200ms] [ERROR] Faro
 @grafana/faro-instrumentation-replay
 Error occurred during session replay SyntaxError: Failed to execute 'insertRule' on 'CSSStyleSheet': Failed to parse the rule '.inci-zrn669-btn-menu-item::-moz-focus-inner{border:0;padding:0;}'.
    at https://plugins-cdn.grafana.net/grafana-kowalski-app/1.64.0/public/plugins/grafana-kowalski-app/463.js?_cache=1ed629a5641ef9c0de99:2:160861
    at Object.apply (https://plugins-cdn.grafana.net/grafana-kowalski-app/1.64.0/public/plugins/grafana-kowalski-app/463.js?_cache=1ed629a5641ef9c0de99:2:152759)
    at t.insert (https://plugins-cdn.grafana.net/grafana-irm-app/0.113.0/public/plugins/grafana-irm-app/vendor-13d7706362b7b61d07de.js:2:49401)
    at f (https://plugins-cdn.grafana.net/grafana-irm-app/0.113.0/public/plugins/grafana-irm-app/vendor-13d7706362b7b61d07de.js:2:57681)
    at Array.p (https://plugins-cdn.grafana.net/grafana-irm-app/0.113.0/public/plugins/grafana-irm-app/vendor-13d7706362b7b61d07de.js:2:57726)
    at m (https://plugins-cdn.grafana.net/grafana-irm-app/0.113.0/public/plugins/grafana-irm-app/vendor-13d7706362b7b61d07de.js:2:57815)
    at U (https://plugins-cdn.grafana.net/grafana-irm-app/0.113.0/public/plugins/grafana-irm-app/vendor-13d7706362b7b61d07de.js:2:51382)
    at Object.o [as insert] (https://plugins-cdn.grafana.net/grafana-irm-app/0.113.0/public/plugins/grafana-irm-app/vendor-13d7706362b7b61d07de.js:2:57864)
    at o (https://plugins-cdn.grafana.net/grafana-irm-app/0.113.0/public/plugins/grafana-irm-app/vendor-13d7706362b7b61d07de.js:2:62950)
    at n (https://plugins-cdn.grafana.net/grafana-irm-app/0.113.0/public/plugins/grafana-irm-app/vendor-13d7706362b7b61d07de.js:2:58335) @ https://plugins-cdn.grafana.net/grafana-kowalski-app/1.64.0/public/plugins/grafana-kowalski-app/463.js?_cache=1ed629a5641ef9c0de99:1
[   15863ms] [ERROR] Faro
 Attempted to create a new user action while one is already running. This is not possible. @ https://plugins-cdn.grafana.net/grafana-kowalski-app/1.64.0/public/plugins/grafana-kowalski-app/463.js?_cache=1ed629a5641ef9c0de99:1
[   15898ms] [WARNING] SceneObject already has a parent set that is different from the new parent. You cannot share the same SceneObject instance in multiple scenes or in multiple different places of the same scene graph. Use SceneObject.clone() to duplicate a SceneObject or store a state key reference and use sceneGraph.findObject to locate it. u zv @ https://edge.fullstory.com/s/fs.js:1
[   15916ms] [ERROR] Faro
 Attempted to create a new user action while one is already running. This is not possible. @ https://plugins-cdn.grafana.net/grafana-kowalski-app/1.64.0/public/plugins/grafana-kowalski-app/463.js?_cache=1ed629a5641ef9c0de99:1
[   15930ms] [ERROR] Faro
 Attempted to create a new user action while one is already running. This is not possible. @ https://plugins-cdn.grafana.net/grafana-kowalski-app/1.64.0/public/plugins/grafana-kowalski-app/463.js?_cache=1ed629a5641ef9c0de99:1
[   15942ms] [ERROR] Faro
 Attempted to create a new user action while one is already running. This is not possible. @ https://plugins-cdn.grafana.net/grafana-kowalski-app/1.64.0/public/plugins/grafana-kowalski-app/463.js?_cache=1ed629a5641ef9c0de99:1
[   15952ms] [WARNING] SceneObject already has a parent set that is different from the new parent. You cannot share the same SceneObject instance in multiple scenes or in multiple different places of the same scene graph. Use SceneObject.clone() to duplicate a SceneObject or store a state key reference and use sceneGraph.findObject to locate it. u wN @ https://edge.fullstory.com/s/fs.js:1
[   15953ms] [WARNING] SceneObject already has a parent set that is different from the new parent. You cannot share the same SceneObject instance in multiple scenes or in multiple different places of the same scene graph. Use SceneObject.clone() to duplicate a SceneObject or store a state key reference and use sceneGraph.findObject to locate it. u gN @ https://edge.fullstory.com/s/fs.js:1
