[    1715ms] [ERROR] Failed to load resource: the server responded with a status of 404 () @ https://devfedb13.grafana.net/apis/userstorage.grafana.app/v0alpha1/namespaces/stacks-1757201/user-storage/saved-queries:dfuhj9wjtgge8e:0
[    2600ms] [ERROR] Failed to load resource: the server responded with a status of 404 () @ https://devfedb13.grafana.net/apis/userstorage.grafana.app/v0alpha1/namespaces/stacks-1757201/user-storage/grafana-runtime:dfuhj9wjtgge8e:0
[ 7632217ms] [ERROR] WebSocket connection to 'wss://devfedb13.grafana.net/api/live/ws' failed: HTTP Authentication failed; no valid credentials available @ https://grafana-assets.grafana.net/grafana/13.2.0-31683987170/public/build/5304.b4fd8c663d86a74bb4cd.js:471
[ 7632577ms] [ERROR] Failed to load resource: the server responded with a status of 401 () @ https://devfedb13.grafana.net/api/login/ping:0
[ 8823276ms] [ERROR] WebSocket connection to 'wss://devfedb13.grafana.net/api/live/ws' failed: HTTP Authentication failed; no valid credentials available @ https://grafana-assets.grafana.net/grafana/13.2.0-31683987170/public/build/5304.b4fd8c663d86a74bb4cd.js:471
[ 8823584ms] [ERROR] Failed to load resource: the server responded with a status of 401 () @ https://devfedb13.grafana.net/api/login/ping:0
[10915017ms] [ERROR] WebSocket connection to 'wss://devfedb13.grafana.net/api/live/ws' failed: HTTP Authentication failed; no valid credentials available @ https://grafana-assets.grafana.net/grafana/13.2.0-31683987170/public/build/5304.b4fd8c663d86a74bb4cd.js:471
[10915554ms] [ERROR] Failed to load resource: the server responded with a status of 401 () @ https://devfedb13.grafana.net/api/login/ping:0
[16775238ms] [ERROR] WebSocket connection to 'wss://devfedb13.grafana.net/api/live/ws' failed: HTTP Authentication failed; no valid credentials available @ https://grafana-assets.grafana.net/grafana/13.2.0-31683987170/public/build/5304.b4fd8c663d86a74bb4cd.js:471
[16775657ms] [ERROR] Failed to load resource: the server responded with a status of 401 () @ https://devfedb13.grafana.net/api/login/ping:0
[17770570ms] [ERROR] Failed to load resource: net::ERR_NETWORK_CHANGED @ https://faro-collector-ops-eu-south-0.grafana-ops.net/collect/bc03dd0f2a088059ae67a23bc296a26d:0
[17770675ms] [ERROR] Failed to load resource: net::ERR_NETWORK_CHANGED @ https://faro-collector-ops-eu-south-0.grafana-ops.net/collect/bc03dd0f2a088059ae67a23bc296a26d:0
[20452458ms] [ERROR] WebSocket connection to 'wss://devfedb13.grafana.net/api/live/ws' failed: HTTP Authentication failed; no valid credentials available @ https://grafana-assets.grafana.net/grafana/13.2.0-31683987170/public/build/5304.b4fd8c663d86a74bb4cd.js:471
[20452755ms] [ERROR] Failed to load resource: the server responded with a status of 401 () @ https://devfedb13.grafana.net/api/login/ping:0
[21460342ms] [ERROR] Failed to load resource: net::ERR_NETWORK_CHANGED @ https://devfedb13.grafana.net/api/login/ping:0
[21461128ms] [ERROR] WebSocket connection to 'wss://devfedb13.grafana.net/api/live/ws' failed: HTTP Authentication failed; no valid credentials available @ https://grafana-assets.grafana.net/grafana/13.2.0-31683987170/public/build/5304.b4fd8c663d86a74bb4cd.js:471
[21461709ms] [ERROR] Failed to load resource: the server responded with a status of 401 () @ https://devfedb13.grafana.net/api/login/ping:0
[22425802ms] [ERROR] WebSocket connection to 'wss://devfedb13.grafana.net/api/live/ws' failed: HTTP Authentication failed; no valid credentials available @ https://grafana-assets.grafana.net/grafana/13.2.0-31683987170/public/build/5304.b4fd8c663d86a74bb4cd.js:471
[22426301ms] [ERROR] Failed to load resource: the server responded with a status of 401 () @ https://devfedb13.grafana.net/api/login/ping:0
[24132461ms] [ERROR] WebSocket connection to 'wss://devfedb13.grafana.net/api/live/ws' failed: HTTP Authentication failed; no valid credentials available @ https://grafana-assets.grafana.net/grafana/13.2.0-31683987170/public/build/5304.b4fd8c663d86a74bb4cd.js:471
[24132728ms] [ERROR] Failed to load resource: net::ERR_NETWORK_CHANGED @ https://devfedb13.grafana.net/api/login/ping:0
[24238234ms] [ERROR] WebSocket connection to 'wss://devfedb13.grafana.net/api/live/ws' failed: Error in connection establishment: net::ERR_INTERNET_DISCONNECTED @ https://grafana-assets.grafana.net/grafana/13.2.0-31683987170/public/build/5304.b4fd8c663d86a74bb4cd.js:471
[24238256ms] [ERROR] Failed to load resource: net::ERR_INTERNET_DISCONNECTED @ https://devfedb13.grafana.net/api/login/ping:0
[24238454ms] [ERROR] Failed to load resource: net::ERR_INTERNET_DISCONNECTED @ https://faro-collector-ops-eu-south-0.grafana-ops.net/collect/bc03dd0f2a088059ae67a23bc296a26d:0
[24238455ms] [ERROR] Failed to load resource: net::ERR_INTERNET_DISCONNECTED @ https://faro-collector-ops-eu-south-0.grafana-ops.net/collect/bc03dd0f2a088059ae67a23bc296a26d:0
[24239678ms] [ERROR] WebSocket connection to 'wss://devfedb13.grafana.net/api/live/ws' failed: HTTP Authentication failed; no valid credentials available @ https://grafana-assets.grafana.net/grafana/13.2.0-31683987170/public/build/5304.b4fd8c663d86a74bb4cd.js:471
[24254896ms] [ERROR] WebSocket connection to 'wss://devfedb13.grafana.net/api/live/ws' failed: Error in connection establishment: net::ERR_INTERNET_DISCONNECTED @ https://grafana-assets.grafana.net/grafana/13.2.0-31683987170/public/build/5304.b4fd8c663d86a74bb4cd.js:471
[24254903ms] [ERROR] Failed to load resource: net::ERR_INTERNET_DISCONNECTED @ https://devfedb13.grafana.net/api/login/ping:0
[24255006ms] [ERROR] Failed to load resource: net::ERR_INTERNET_DISCONNECTED @ https://faro-collector-ops-eu-south-0.grafana-ops.net/collect/bc03dd0f2a088059ae67a23bc296a26d:0
[24255008ms] [ERROR] Failed to load resource: net::ERR_INTERNET_DISCONNECTED @ https://faro-collector-ops-eu-south-0.grafana-ops.net/collect/bc03dd0f2a088059ae67a23bc296a26d:0
[24257007ms] [ERROR] Failed to load resource: net::ERR_INTERNET_DISCONNECTED @ https://faro-collector-ops-eu-south-0.grafana-ops.net/collect/bc03dd0f2a088059ae67a23bc296a26d:0
[24257009ms] [ERROR] Failed to load resource: net::ERR_INTERNET_DISCONNECTED @ https://faro-collector-ops-eu-south-0.grafana-ops.net/collect/bc03dd0f2a088059ae67a23bc296a26d:0
[24263366ms] [ERROR] WebSocket connection to 'wss://devfedb13.grafana.net/api/live/ws' failed: HTTP Authentication failed; no valid credentials available @ https://grafana-assets.grafana.net/grafana/13.2.0-31683987170/public/build/5304.b4fd8c663d86a74bb4cd.js:471
[24263607ms] [ERROR] Failed to load resource: the server responded with a status of 401 () @ https://devfedb13.grafana.net/api/login/ping:0
[26177678ms] [ERROR] WebSocket connection to 'wss://devfedb13.grafana.net/api/live/ws' failed: HTTP Authentication failed; no valid credentials available @ https://grafana-assets.grafana.net/grafana/13.2.0-31683987170/public/build/5304.b4fd8c663d86a74bb4cd.js:471
[26178124ms] [ERROR] Failed to load resource: the server responded with a status of 401 () @ https://devfedb13.grafana.net/api/login/ping:0
[26178280ms] [ERROR] Failed to load resource: net::ERR_ADDRESS_INVALID @ https://faro-collector-ops-eu-south-0.grafana-ops.net/collect/bc03dd0f2a088059ae67a23bc296a26d:0
[27112525ms] [ERROR] Failed to load resource: net::ERR_NETWORK_CHANGED @ https://faro-collector-ops-eu-south-0.grafana-ops.net/collect/bc03dd0f2a088059ae67a23bc296a26d:0
[27112526ms] [ERROR] Failed to load resource: net::ERR_NETWORK_CHANGED @ https://faro-collector-ops-eu-south-0.grafana-ops.net/collect/bc03dd0f2a088059ae67a23bc296a26d:0
[27112592ms] [ERROR] Failed to load resource: net::ERR_NETWORK_CHANGED @ https://faro-collector-ops-eu-south-0.grafana-ops.net/collect/bc03dd0f2a088059ae67a23bc296a26d:0
[27112592ms] [ERROR] Failed to load resource: net::ERR_NETWORK_CHANGED @ https://faro-collector-ops-eu-south-0.grafana-ops.net/collect/bc03dd0f2a088059ae67a23bc296a26d:0
[27112725ms] [ERROR] WebSocket connection to 'wss://devfedb13.grafana.net/api/live/ws' failed: HTTP Authentication failed; no valid credentials available @ https://grafana-assets.grafana.net/grafana/13.2.0-31683987170/public/build/5304.b4fd8c663d86a74bb4cd.js:471
[27113086ms] [ERROR] Failed to load resource: the server responded with a status of 401 () @ https://devfedb13.grafana.net/api/login/ping:0
[28077789ms] [ERROR] Failed to load resource: net::ERR_NAME_NOT_RESOLVED @ https://faro-collector-ops-eu-south-0.grafana-ops.net/collect/bc03dd0f2a088059ae67a23bc296a26d:0
[32383775ms] [ERROR] WebSocket connection to 'wss://devfedb13.grafana.net/api/live/ws' failed: HTTP Authentication failed; no valid credentials available @ https://grafana-assets.grafana.net/grafana/13.2.0-31683987170/public/build/5304.b4fd8c663d86a74bb4cd.js:471
[32384160ms] [ERROR] Failed to load resource: the server responded with a status of 401 () @ https://devfedb13.grafana.net/api/login/ping:0
[37022894ms] [ERROR] WebSocket connection to 'wss://devfedb13.grafana.net/api/live/ws' failed: HTTP Authentication failed; no valid credentials available @ https://grafana-assets.grafana.net/grafana/13.2.0-31683987170/public/build/5304.b4fd8c663d86a74bb4cd.js:471
[37023220ms] [ERROR] Failed to load resource: the server responded with a status of 401 () @ https://devfedb13.grafana.net/api/login/ping:0
[38052405ms] [ERROR] Failed to load resource: net::ERR_NAME_NOT_RESOLVED @ https://faro-collector-ops-eu-south-0.grafana-ops.net/collect/bc03dd0f2a088059ae67a23bc296a26d:0
[38052469ms] [ERROR] Failed to load resource: net::ERR_NAME_NOT_RESOLVED @ https://faro-collector-ops-eu-south-0.grafana-ops.net/collect/bc03dd0f2a088059ae67a23bc296a26d:0
[38052699ms] [ERROR] WebSocket connection to 'wss://devfedb13.grafana.net/api/live/ws' failed: HTTP Authentication failed; no valid credentials available @ https://grafana-assets.grafana.net/grafana/13.2.0-31683987170/public/build/5304.b4fd8c663d86a74bb4cd.js:471
[38052760ms] [ERROR] Failed to load resource: net::ERR_NAME_NOT_RESOLVED @ https://devfedb13.grafana.net/api/login/ping:0
[38054859ms] [ERROR] WebSocket connection to 'wss://devfedb13.grafana.net/api/live/ws' failed: HTTP Authentication failed; no valid credentials available @ https://grafana-assets.grafana.net/grafana/13.2.0-31683987170/public/build/5304.b4fd8c663d86a74bb4cd.js:471
[42713619ms] [WARNING] WebSocket connection to 'wss://devfedb13.grafana.net/api/live/ws' failed: WebSocket is closed before the connection is established. @ https://grafana-assets.grafana.net/grafana/13.2.0-31683987170/public/build/5304.b4fd8c663d86a74bb4cd.js:471
[43296247ms] [ERROR] Failed to load resource: net::ERR_NETWORK_CHANGED @ https://devfedb13.grafana.net/api/login/ping:0
[43304018ms] [ERROR] WebSocket connection to 'wss://devfedb13.grafana.net/api/live/ws' failed: HTTP Authentication failed; no valid credentials available @ https://grafana-assets.grafana.net/grafana/13.2.0-31683987170/public/build/5304.b4fd8c663d86a74bb4cd.js:471
[43304327ms] [ERROR] Failed to load resource: the server responded with a status of 401 () @ https://devfedb13.grafana.net/api/login/ping:0
[44367347ms] [ERROR] Failed to load resource: net::ERR_NETWORK_CHANGED @ https://faro-collector-ops-eu-south-0.grafana-ops.net/collect/bc03dd0f2a088059ae67a23bc296a26d:0
[46119055ms] [ERROR] WebSocket connection to 'wss://devfedb13.grafana.net/api/live/ws' failed: Error in connection establishment: net::ERR_NAME_NOT_RESOLVED @ https://grafana-assets.grafana.net/grafana/13.2.0-31683987170/public/build/5304.b4fd8c663d86a74bb4cd.js:471
[46119621ms] [ERROR] Failed to load resource: the server responded with a status of 401 () @ https://devfedb13.grafana.net/api/login/ping:0
[64163538ms] [ERROR] WebSocket connection to 'wss://devfedb13.grafana.net/api/live/ws' failed: HTTP Authentication failed; no valid credentials available @ https://grafana-assets.grafana.net/grafana/13.2.0-31683987170/public/build/5304.b4fd8c663d86a74bb4cd.js:471
[64164241ms] [ERROR] Failed to load resource: the server responded with a status of 401 () @ https://devfedb13.grafana.net/api/login/ping:0
