[    2304ms] [ERROR] Failed to load resource: the server responded with a status of 404 () @ https://devfedb13.grafana.net/apis/userstorage.grafana.app/v0alpha1/namespaces/stacks-1757201/user-storage/saved-queries:dfuhj9wjtgge8e:0
[    3744ms] [ERROR] Failed to load resource: the server responded with a status of 404 () @ https://devfedb13.grafana.net/apis/userstorage.grafana.app/v0alpha1/namespaces/stacks-1757201/user-storage/grafana-runtime:dfuhj9wjtgge8e:0
[ 1150065ms] [ERROR] Failed to load resource: net::ERR_NETWORK_CHANGED @ https://rs.fullstory.com/rec/bundle/v2?OrgId=o-1CN5TD-na1&UserId=2cfceefd-14d1-402f-b042-9c7873884a3b&SessionId=7100c4a6-4345-4dee-b642-dfb464403a42&PageId=9f917f59-2af7-4bb7-a82f-1b235985ac0d&Seq=3&ClientTime=1786955681123&CompiledVersion=5672842ccd25d65e8f2544fdbd2c45eea7ad9e15&PageStart=1786954534723&PrevBundleTime=1786954539793&LastActivity=1145612&ContentEncoding=gzip:0
[ 2094643ms] [ERROR] Failed to load resource: net::ERR_NETWORK_CHANGED @ https://rs.fullstory.com/rec/bundle/v2?OrgId=o-1CN5TD-na1&UserId=2cfceefd-14d1-402f-b042-9c7873884a3b&SessionId=7100c4a6-4345-4dee-b642-dfb464403a42&PageId=9f917f59-2af7-4bb7-a82f-1b235985ac0d&Seq=4&ClientTime=1786956625839&CompiledVersion=5672842ccd25d65e8f2544fdbd2c45eea7ad9e15&PageStart=1786954534723&PrevBundleTime=1786956625755&SkipResponseBody=true:0
[ 6119455ms] [ERROR] WebSocket connection to 'wss://devfedb13.grafana.net/api/live/ws' failed: HTTP Authentication failed; no valid credentials available @ https://grafana-assets.grafana.net/grafana/13.2.0-31683987170/public/build/5304.b4fd8c663d86a74bb4cd.js:471
[ 6119990ms] [ERROR] Failed to load resource: the server responded with a status of 401 () @ https://devfedb13.grafana.net/api/login/ping:0
[ 7405360ms] [ERROR] WebSocket connection to 'wss://devfedb13.grafana.net/api/live/ws' failed: HTTP Authentication failed; no valid credentials available @ https://grafana-assets.grafana.net/grafana/13.2.0-31683987170/public/build/5304.b4fd8c663d86a74bb4cd.js:471
[ 7405907ms] [ERROR] Failed to load resource: the server responded with a status of 401 () @ https://devfedb13.grafana.net/api/login/ping:0
[11055523ms] [ERROR] WebSocket connection to 'wss://devfedb13.grafana.net/api/live/ws' failed: HTTP Authentication failed; no valid credentials available @ https://grafana-assets.grafana.net/grafana/13.2.0-31683987170/public/build/5304.b4fd8c663d86a74bb4cd.js:471
[11055831ms] [ERROR] Failed to load resource: the server responded with a status of 401 () @ https://devfedb13.grafana.net/api/login/ping:0
[14711475ms] [ERROR] WebSocket connection to 'wss://devfedb13.grafana.net/api/live/ws' failed: HTTP Authentication failed; no valid credentials available @ https://grafana-assets.grafana.net/grafana/13.2.0-31683987170/public/build/5304.b4fd8c663d86a74bb4cd.js:471
[14711855ms] [ERROR] Failed to load resource: the server responded with a status of 401 () @ https://devfedb13.grafana.net/api/login/ping:0
[18361623ms] [ERROR] WebSocket connection to 'wss://devfedb13.grafana.net/api/live/ws' failed: HTTP Authentication failed; no valid credentials available @ https://grafana-assets.grafana.net/grafana/13.2.0-31683987170/public/build/5304.b4fd8c663d86a74bb4cd.js:471
[18362154ms] [ERROR] Failed to load resource: the server responded with a status of 401 () @ https://devfedb13.grafana.net/api/login/ping:0
[21448353ms] [ERROR] WebSocket connection to 'wss://devfedb13.grafana.net/api/live/ws' failed: HTTP Authentication failed; no valid credentials available @ https://grafana-assets.grafana.net/grafana/13.2.0-31683987170/public/build/5304.b4fd8c663d86a74bb4cd.js:471
[21448853ms] [ERROR] Failed to load resource: the server responded with a status of 401 () @ https://devfedb13.grafana.net/api/login/ping:0
[21577231ms] [ERROR] Failed to load resource: net::ERR_NETWORK_CHANGED @ https://faro-collector-ops-eu-south-0.grafana-ops.net/collect/bc03dd0f2a088059ae67a23bc296a26d:0
[21577370ms] [ERROR] Failed to load resource: net::ERR_NETWORK_CHANGED @ https://faro-collector-ops-eu-south-0.grafana-ops.net/collect/bc03dd0f2a088059ae67a23bc296a26d:0
[27582993ms] [ERROR] WebSocket connection to 'wss://devfedb13.grafana.net/api/live/ws' failed: HTTP Authentication failed; no valid credentials available @ https://grafana-assets.grafana.net/grafana/13.2.0-31683987170/public/build/5304.b4fd8c663d86a74bb4cd.js:471
[27583373ms] [ERROR] Failed to load resource: the server responded with a status of 401 () @ https://devfedb13.grafana.net/api/login/ping:0
