[    1582ms] [ERROR] Failed to load resource: the server responded with a status of 404 () @ https://devfedb13.grafana.net/apis/userstorage.grafana.app/v0alpha1/namespaces/stacks-1757201/user-storage/saved-queries:dfuhj9wjtgge8e:0
[    1963ms] [WARNING] Query history migration to IndexedDB did not succeed after 3 attempts. Existing query history remains in localStorage and/or the remote API. Set localStorage key 'grafana.debug.resetQueryHistoryMigration' to true and reload to retry the migration. @ https://grafana-assets.grafana.net/grafana/13.2.0-31683987170/public/build/5119.65de45476341df3d2a2b.js:196
[    2159ms] [ERROR] Failed to load resource: the server responded with a status of 404 () @ https://devfedb13.grafana.net/apis/userstorage.grafana.app/v0alpha1/namespaces/stacks-1757201/user-storage/grafana-runtime:dfuhj9wjtgge8e:0
[  187217ms] [WARNING] Invoking deltaDecorations recursively could lead to leaking decorations. @ https://edge.fullstory.com/s/fs.js:1
[  187258ms] Error: Invoking deltaDecorations recursively could lead to leaking decorations.

Error: Invoking deltaDecorations recursively could lead to leaking decorations.
    at mr.deltaDecorations (https://grafana-assets.grafana.net/grafana/13.2.0-31683987170/public/build/7396.7a46e97923fbf6fc5c07.js:161:4664)
    at i (https://plugins-cdn.grafana.net/loki/13.1.0/public/plugins/loki/loki-query-field.js?_cache=09c9e7eae8c4ac01efab:1:25303)
    at g.invoke (https://grafana-assets.grafana.net/grafana/13.2.0-31683987170/public/build/7396.7a46e97923fbf6fc5c07.js:34:133)
    at l.deliver (https://grafana-assets.grafana.net/grafana/13.2.0-31683987170/public/build/7396.7a46e97923fbf6fc5c07.js:34:2517)
    at h.fire (https://grafana-assets.grafana.net/grafana/13.2.0-31683987170/public/build/7396.7a46e97923fbf6fc5c07.js:34:2168)
    at https://grafana-assets.grafana.net/grafana/13.2.0-31683987170/public/build/7396.7a46e97923fbf6fc5c07.js:77:16876
    at g.invoke (https://grafana-assets.grafana.net/grafana/13.2.0-31683987170/public/build/7396.7a46e97923fbf6fc5c07.js:34:133)
    at u.deliver (https://grafana-assets.grafana.net/grafana/13.2.0-31683987170/public/build/7396.7a46e97923fbf6fc5c07.js:34:2517)
    at h.fire (https://grafana-assets.grafana.net/grafana/13.2.0-31683987170/public/build/7396.7a46e97923fbf6fc5c07.js:34:2168)
    at bo._emitOutgoingEvents (https://grafana-assets.grafana.net/grafana/13.2.0-31683987170/public/build/7396.7a46e97923fbf6fc5c07.js:73:113688)
    at mr.deltaDecorations (https://grafana-assets.grafana.net/grafana/13.2.0-31683987170/public/build/7396.7a46e97923fbf6fc5c07.js:161:4664)
    at i (https://plugins-cdn.grafana.net/loki/13.1.0/public/plugins/loki/loki-query-field.js?_cache=09c9e7eae8c4ac01efab:1:25303)
    at g.invoke (https://grafana-assets.grafana.net/grafana/13.2.0-31683987170/public/build/7396.7a46e97923fbf6fc5c07.js:34:133)
    at l.deliver (https://grafana-assets.grafana.net/grafana/13.2.0-31683987170/public/build/7396.7a46e97923fbf6fc5c07.js:34:2517)
    at h.fire (https://grafana-assets.grafana.net/grafana/13.2.0-31683987170/public/build/7396.7a46e97923fbf6fc5c07.js:34:2168)
    at https://grafana-assets.grafana.net/grafana/13.2.0-31683987170/public/build/7396.7a46e97923fbf6fc5c07.js:77:16876
    at g.invoke (https://grafana-assets.grafana.net/grafana/13.2.0-31683987170/public/build/7396.7a46e97923fbf6fc5c07.js:34:133)
    at u.deliver (https://grafana-assets.grafana.net/grafana/13.2.0-31683987170/public/build/7396.7a46e97923fbf6fc5c07.js:34:2517)
    at h.fire (https://grafana-assets.grafana.net/grafana/13.2.0-31683987170/public/build/7396.7a46e97923fbf6fc5c07.js:34:2168)
    at bo._emitOutgoingEvents (https://grafana-assets.grafana.net/grafana/13.2.0-31683987170/public/build/7396.7a46e97923fbf6fc5c07.js:73:113688)
    at https://grafana-assets.grafana.net/grafana/13.2.0-31683987170/public/build/7396.7a46e97923fbf6fc5c07.js:30:12
