[   56922ms] [ERROR] Failed to load resource: the server responded with a status of 404 () @ https://deveadf53.grafana.net/apis/userstorage.grafana.app/v0alpha1/namespaces/stacks-1744045/user-storage/saved-queries:efts33ixamkn4b:0
[   57797ms] [ERROR] Faro
 @grafana/faro-instrumentation-replay
 Error occurred during session replay SyntaxError: Failed to execute 'insertRule' on 'CSSStyleSheet': Failed to parse the rule '.inci-qkfbqu-btn::-moz-focus-inner{border:0;padding:0;}'.
    at https://plugins-cdn.grafana.net/grafana-kowalski-app/1.64.0/public/plugins/grafana-kowalski-app/463.js?_cache=1ed629a5641ef9c0de99:2:160861
    at Object.apply (https://plugins-cdn.grafana.net/grafana-kowalski-app/1.64.0/public/plugins/grafana-kowalski-app/463.js?_cache=1ed629a5641ef9c0de99:2:152759)
    at t.insert (https://plugins-cdn.grafana.net/grafana-irm-app/0.113.0/public/plugins/grafana-irm-app/vendor-13d7706362b7b61d07de.js:2:49401)
    at f (https://plugins-cdn.grafana.net/grafana-irm-app/0.113.0/public/plugins/grafana-irm-app/vendor-13d7706362b7b61d07de.js:2:57681)
    at Array.p (https://plugins-cdn.grafana.net/grafana-irm-app/0.113.0/public/plugins/grafana-irm-app/vendor-13d7706362b7b61d07de.js:2:57726)
    at m (https://plugins-cdn.grafana.net/grafana-irm-app/0.113.0/public/plugins/grafana-irm-app/vendor-13d7706362b7b61d07de.js:2:57815)
    at U (https://plugins-cdn.grafana.net/grafana-irm-app/0.113.0/public/plugins/grafana-irm-app/vendor-13d7706362b7b61d07de.js:2:51382)
    at Object.o [as insert] (https://plugins-cdn.grafana.net/grafana-irm-app/0.113.0/public/plugins/grafana-irm-app/vendor-13d7706362b7b61d07de.js:2:57864)
    at o (https://plugins-cdn.grafana.net/grafana-irm-app/0.113.0/public/plugins/grafana-irm-app/vendor-13d7706362b7b61d07de.js:2:62950)
    at n (https://plugins-cdn.grafana.net/grafana-irm-app/0.113.0/public/plugins/grafana-irm-app/vendor-13d7706362b7b61d07de.js:2:58335) @ https://plugins-cdn.grafana.net/grafana-kowalski-app/1.64.0/public/plugins/grafana-kowalski-app/463.js?_cache=1ed629a5641ef9c0de99:1
[   57835ms] [ERROR] Faro
 @grafana/faro-instrumentation-replay
 Error occurred during session replay SyntaxError: Failed to execute 'insertRule' on 'CSSStyleSheet': Failed to parse the rule '.inci-1c5615l-btn::-moz-focus-inner{border:0;padding:0;}'.
    at https://plugins-cdn.grafana.net/grafana-kowalski-app/1.64.0/public/plugins/grafana-kowalski-app/463.js?_cache=1ed629a5641ef9c0de99:2:160861
    at Object.apply (https://plugins-cdn.grafana.net/grafana-kowalski-app/1.64.0/public/plugins/grafana-kowalski-app/463.js?_cache=1ed629a5641ef9c0de99:2:152759)
    at t.insert (https://plugins-cdn.grafana.net/grafana-irm-app/0.113.0/public/plugins/grafana-irm-app/vendor-13d7706362b7b61d07de.js:2:49401)
    at f (https://plugins-cdn.grafana.net/grafana-irm-app/0.113.0/public/plugins/grafana-irm-app/vendor-13d7706362b7b61d07de.js:2:57681)
    at Array.p (https://plugins-cdn.grafana.net/grafana-irm-app/0.113.0/public/plugins/grafana-irm-app/vendor-13d7706362b7b61d07de.js:2:57726)
    at m (https://plugins-cdn.grafana.net/grafana-irm-app/0.113.0/public/plugins/grafana-irm-app/vendor-13d7706362b7b61d07de.js:2:57815)
    at U (https://plugins-cdn.grafana.net/grafana-irm-app/0.113.0/public/plugins/grafana-irm-app/vendor-13d7706362b7b61d07de.js:2:51382)
    at Object.o [as insert] (https://plugins-cdn.grafana.net/grafana-irm-app/0.113.0/public/plugins/grafana-irm-app/vendor-13d7706362b7b61d07de.js:2:57864)
    at o (https://plugins-cdn.grafana.net/grafana-irm-app/0.113.0/public/plugins/grafana-irm-app/vendor-13d7706362b7b61d07de.js:2:62950)
    at n (https://plugins-cdn.grafana.net/grafana-irm-app/0.113.0/public/plugins/grafana-irm-app/vendor-13d7706362b7b61d07de.js:2:58335) @ https://plugins-cdn.grafana.net/grafana-kowalski-app/1.64.0/public/plugins/grafana-kowalski-app/463.js?_cache=1ed629a5641ef9c0de99:1
[   57835ms] [ERROR] Faro
 @grafana/faro-instrumentation-replay
 Error occurred during session replay SyntaxError: Failed to execute 'insertRule' on 'CSSStyleSheet': Failed to parse the rule '.inci-zrn669-btn-menu-item::-moz-focus-inner{border:0;padding:0;}'.
    at https://plugins-cdn.grafana.net/grafana-kowalski-app/1.64.0/public/plugins/grafana-kowalski-app/463.js?_cache=1ed629a5641ef9c0de99:2:160861
    at Object.apply (https://plugins-cdn.grafana.net/grafana-kowalski-app/1.64.0/public/plugins/grafana-kowalski-app/463.js?_cache=1ed629a5641ef9c0de99:2:152759)
    at t.insert (https://plugins-cdn.grafana.net/grafana-irm-app/0.113.0/public/plugins/grafana-irm-app/vendor-13d7706362b7b61d07de.js:2:49401)
    at f (https://plugins-cdn.grafana.net/grafana-irm-app/0.113.0/public/plugins/grafana-irm-app/vendor-13d7706362b7b61d07de.js:2:57681)
    at Array.p (https://plugins-cdn.grafana.net/grafana-irm-app/0.113.0/public/plugins/grafana-irm-app/vendor-13d7706362b7b61d07de.js:2:57726)
    at m (https://plugins-cdn.grafana.net/grafana-irm-app/0.113.0/public/plugins/grafana-irm-app/vendor-13d7706362b7b61d07de.js:2:57815)
    at U (https://plugins-cdn.grafana.net/grafana-irm-app/0.113.0/public/plugins/grafana-irm-app/vendor-13d7706362b7b61d07de.js:2:51382)
    at Object.o [as insert] (https://plugins-cdn.grafana.net/grafana-irm-app/0.113.0/public/plugins/grafana-irm-app/vendor-13d7706362b7b61d07de.js:2:57864)
    at o (https://plugins-cdn.grafana.net/grafana-irm-app/0.113.0/public/plugins/grafana-irm-app/vendor-13d7706362b7b61d07de.js:2:62950)
    at n (https://plugins-cdn.grafana.net/grafana-irm-app/0.113.0/public/plugins/grafana-irm-app/vendor-13d7706362b7b61d07de.js:2:58335) @ https://plugins-cdn.grafana.net/grafana-kowalski-app/1.64.0/public/plugins/grafana-kowalski-app/463.js?_cache=1ed629a5641ef9c0de99:1
[   58170ms] [ERROR] Faro
 Attempted to create a new user action while one is already running. This is not possible. @ https://plugins-cdn.grafana.net/grafana-kowalski-app/1.64.0/public/plugins/grafana-kowalski-app/463.js?_cache=1ed629a5641ef9c0de99:1
[   58332ms] [ERROR] Faro
 Attempted to create a new user action while one is already running. This is not possible. @ https://plugins-cdn.grafana.net/grafana-kowalski-app/1.64.0/public/plugins/grafana-kowalski-app/463.js?_cache=1ed629a5641ef9c0de99:1
[   58335ms] [WARNING] SceneObject already has a parent set that is different from the new parent. You cannot share the same SceneObject instance in multiple scenes or in multiple different places of the same scene graph. Use SceneObject.clone() to duplicate a SceneObject or store a state key reference and use sceneGraph.findObject to locate it. u zv @ https://plugins-cdn.grafana.net/grafana-kowalski-app/1.64.0/public/plugins/grafana-kowalski-app/141.js?_cache=3493fae15aff159eec22:0
[   58335ms] [ERROR] Faro
 Attempted to create a new user action while one is already running. This is not possible. @ https://plugins-cdn.grafana.net/grafana-kowalski-app/1.64.0/public/plugins/grafana-kowalski-app/463.js?_cache=1ed629a5641ef9c0de99:1
[   58338ms] [ERROR] Faro
 Attempted to create a new user action while one is already running. This is not possible. @ https://plugins-cdn.grafana.net/grafana-kowalski-app/1.64.0/public/plugins/grafana-kowalski-app/463.js?_cache=1ed629a5641ef9c0de99:1
[   58339ms] [ERROR] Faro
 Attempted to create a new user action while one is already running. This is not possible. @ https://plugins-cdn.grafana.net/grafana-kowalski-app/1.64.0/public/plugins/grafana-kowalski-app/463.js?_cache=1ed629a5641ef9c0de99:1
[   58340ms] [WARNING] SceneObject already has a parent set that is different from the new parent. You cannot share the same SceneObject instance in multiple scenes or in multiple different places of the same scene graph. Use SceneObject.clone() to duplicate a SceneObject or store a state key reference and use sceneGraph.findObject to locate it. u wN @ https://plugins-cdn.grafana.net/grafana-kowalski-app/1.64.0/public/plugins/grafana-kowalski-app/141.js?_cache=3493fae15aff159eec22:0
[   58340ms] [WARNING] SceneObject already has a parent set that is different from the new parent. You cannot share the same SceneObject instance in multiple scenes or in multiple different places of the same scene graph. Use SceneObject.clone() to duplicate a SceneObject or store a state key reference and use sceneGraph.findObject to locate it. u gN @ https://plugins-cdn.grafana.net/grafana-kowalski-app/1.64.0/public/plugins/grafana-kowalski-app/141.js?_cache=3493fae15aff159eec22:0
[   58757ms] [ERROR] Faro
 Attempted to create a new user action while one is already running. This is not possible. @ https://plugins-cdn.grafana.net/grafana-kowalski-app/1.64.0/public/plugins/grafana-kowalski-app/463.js?_cache=1ed629a5641ef9c0de99:1
[   58762ms] [WARNING] SceneObject already has a parent set that is different from the new parent. You cannot share the same SceneObject instance in multiple scenes or in multiple different places of the same scene graph. Use SceneObject.clone() to duplicate a SceneObject or store a state key reference and use sceneGraph.findObject to locate it. u zv @ https://plugins-cdn.grafana.net/grafana-kowalski-app/1.64.0/public/plugins/grafana-kowalski-app/141.js?_cache=3493fae15aff159eec22:0
[   58763ms] [ERROR] Faro
 Attempted to create a new user action while one is already running. This is not possible. @ https://plugins-cdn.grafana.net/grafana-kowalski-app/1.64.0/public/plugins/grafana-kowalski-app/463.js?_cache=1ed629a5641ef9c0de99:1
[   58771ms] [ERROR] Faro
 Attempted to create a new user action while one is already running. This is not possible. @ https://plugins-cdn.grafana.net/grafana-kowalski-app/1.64.0/public/plugins/grafana-kowalski-app/463.js?_cache=1ed629a5641ef9c0de99:1
[   58775ms] [ERROR] Faro
 Attempted to create a new user action while one is already running. This is not possible. @ https://plugins-cdn.grafana.net/grafana-kowalski-app/1.64.0/public/plugins/grafana-kowalski-app/463.js?_cache=1ed629a5641ef9c0de99:1
[   58778ms] [WARNING] SceneObject already has a parent set that is different from the new parent. You cannot share the same SceneObject instance in multiple scenes or in multiple different places of the same scene graph. Use SceneObject.clone() to duplicate a SceneObject or store a state key reference and use sceneGraph.findObject to locate it. u wN @ https://plugins-cdn.grafana.net/grafana-kowalski-app/1.64.0/public/plugins/grafana-kowalski-app/141.js?_cache=3493fae15aff159eec22:0
[   58778ms] [WARNING] SceneObject already has a parent set that is different from the new parent. You cannot share the same SceneObject instance in multiple scenes or in multiple different places of the same scene graph. Use SceneObject.clone() to duplicate a SceneObject or store a state key reference and use sceneGraph.findObject to locate it. u gN @ https://plugins-cdn.grafana.net/grafana-kowalski-app/1.64.0/public/plugins/grafana-kowalski-app/141.js?_cache=3493fae15aff159eec22:0
[   79996ms] [WARNING] SceneObject already has a parent set that is different from the new parent. You cannot share the same SceneObject instance in multiple scenes or in multiple different places of the same scene graph. Use SceneObject.clone() to duplicate a SceneObject or store a state key reference and use sceneGraph.findObject to locate it. u gN @ https://edge.fullstory.com/s/fs.js:1
