[    1398ms] [ERROR] Failed to load resource: the server responded with a status of 404 () @ https://devfedb13.grafana.net/apis/userstorage.grafana.app/v0alpha1/namespaces/stacks-1757201/user-storage/saved-queries:dfuhj9wjtgge8e:0
[    1914ms] [WARNING] Query history migration to IndexedDB did not succeed after 3 attempts. Existing query history remains in localStorage and/or the remote API. Set localStorage key 'grafana.debug.resetQueryHistoryMigration' to true and reload to retry the migration. @ https://grafana-assets.grafana.net/grafana/13.2.0-31683987170/public/build/5119.65de45476341df3d2a2b.js:196
[    1940ms] [WARNING] TraceQL parsing warnings for query: {resource.k8s.namespace.name="banking-prod" && name="db.Query"} | count() > 20 @ https://plugins-cdn.grafana.net/grafana-exploretraces-app/2.1.0/public/plugins/grafana-exploretraces-app/module.js:1
[    1940ms] [WARNING] - unsupported_pipeline: Pipeline aggregation detected. Only the filter part will be extracted, aggregation will be ignored. @ https://plugins-cdn.grafana.net/grafana-exploretraces-app/2.1.0/public/plugins/grafana-exploretraces-app/module.js:1
[    1940ms] [WARNING] TraceQL parsing warnings for query: {resource.k8s.namespace.name="banking-prod" && name="db.Query"} | count() > 20 @ https://plugins-cdn.grafana.net/grafana-exploretraces-app/2.1.0/public/plugins/grafana-exploretraces-app/module.js:1
[    1940ms] [WARNING] - unsupported_pipeline: Pipeline aggregation detected. Only the filter part will be extracted, aggregation will be ignored. @ https://plugins-cdn.grafana.net/grafana-exploretraces-app/2.1.0/public/plugins/grafana-exploretraces-app/module.js:1
[    2065ms] [WARNING] TraceQL parsing warnings for query: {resource.k8s.namespace.name="banking-prod" && name="db.Query"} | count() > 20 @ https://plugins-cdn.grafana.net/grafana-exploretraces-app/2.1.0/public/plugins/grafana-exploretraces-app/module.js:1
[    2065ms] [WARNING] - unsupported_pipeline: Pipeline aggregation detected. Only the filter part will be extracted, aggregation will be ignored. @ https://plugins-cdn.grafana.net/grafana-exploretraces-app/2.1.0/public/plugins/grafana-exploretraces-app/module.js:1
[    2065ms] [WARNING] TraceQL parsing warnings for query: {resource.k8s.namespace.name="banking-prod" && name="db.Query"} | count() > 20 @ https://plugins-cdn.grafana.net/grafana-exploretraces-app/2.1.0/public/plugins/grafana-exploretraces-app/module.js:1
[    2065ms] [WARNING] - unsupported_pipeline: Pipeline aggregation detected. Only the filter part will be extracted, aggregation will be ignored. @ https://plugins-cdn.grafana.net/grafana-exploretraces-app/2.1.0/public/plugins/grafana-exploretraces-app/module.js:1
[    2082ms] [WARNING] TraceQL parsing warnings for query: {resource.k8s.namespace.name="banking-prod" && name="db.Query"} | count() > 20 @ https://plugins-cdn.grafana.net/grafana-exploretraces-app/2.1.0/public/plugins/grafana-exploretraces-app/module.js:1
[    2082ms] [WARNING] - unsupported_pipeline: Pipeline aggregation detected. Only the filter part will be extracted, aggregation will be ignored. @ https://plugins-cdn.grafana.net/grafana-exploretraces-app/2.1.0/public/plugins/grafana-exploretraces-app/module.js:1
[    2083ms] [WARNING] TraceQL parsing warnings for query: {resource.k8s.namespace.name="banking-prod" && name="db.Query"} | count() > 20 @ https://plugins-cdn.grafana.net/grafana-exploretraces-app/2.1.0/public/plugins/grafana-exploretraces-app/module.js:1
[    2083ms] [WARNING] - unsupported_pipeline: Pipeline aggregation detected. Only the filter part will be extracted, aggregation will be ignored. @ https://plugins-cdn.grafana.net/grafana-exploretraces-app/2.1.0/public/plugins/grafana-exploretraces-app/module.js:1
[    2097ms] [WARNING] TraceQL parsing warnings for query: {resource.k8s.namespace.name="banking-prod" && name="db.Query"} | count() > 20 @ https://plugins-cdn.grafana.net/grafana-exploretraces-app/2.1.0/public/plugins/grafana-exploretraces-app/module.js:1
[    2097ms] [WARNING] - unsupported_pipeline: Pipeline aggregation detected. Only the filter part will be extracted, aggregation will be ignored. @ https://plugins-cdn.grafana.net/grafana-exploretraces-app/2.1.0/public/plugins/grafana-exploretraces-app/module.js:1
[    2098ms] [WARNING] TraceQL parsing warnings for query: {resource.k8s.namespace.name="banking-prod" && name="db.Query"} | count() > 20 @ https://plugins-cdn.grafana.net/grafana-exploretraces-app/2.1.0/public/plugins/grafana-exploretraces-app/module.js:1
[    2098ms] [WARNING] - unsupported_pipeline: Pipeline aggregation detected. Only the filter part will be extracted, aggregation will be ignored. @ https://plugins-cdn.grafana.net/grafana-exploretraces-app/2.1.0/public/plugins/grafana-exploretraces-app/module.js:1
[    2230ms] [ERROR] Failed to load resource: the server responded with a status of 404 () @ https://devfedb13.grafana.net/apis/userstorage.grafana.app/v0alpha1/namespaces/stacks-1757201/user-storage/grafana-runtime:dfuhj9wjtgge8e:0
[    2235ms] [WARNING] TraceQL parsing warnings for query: {resource.k8s.namespace.name="banking-prod" && name="db.Query"} | count() > 20 @ https://plugins-cdn.grafana.net/grafana-exploretraces-app/2.1.0/public/plugins/grafana-exploretraces-app/module.js:1
[    2235ms] [WARNING] - unsupported_pipeline: Pipeline aggregation detected. Only the filter part will be extracted, aggregation will be ignored. @ https://plugins-cdn.grafana.net/grafana-exploretraces-app/2.1.0/public/plugins/grafana-exploretraces-app/module.js:1
[    2235ms] [WARNING] TraceQL parsing warnings for query: {resource.k8s.namespace.name="banking-prod" && name="db.Query"} | count() > 20 @ https://plugins-cdn.grafana.net/grafana-exploretraces-app/2.1.0/public/plugins/grafana-exploretraces-app/module.js:1
[    2236ms] [WARNING] - unsupported_pipeline: Pipeline aggregation detected. Only the filter part will be extracted, aggregation will be ignored. @ https://plugins-cdn.grafana.net/grafana-exploretraces-app/2.1.0/public/plugins/grafana-exploretraces-app/module.js:1
[    2391ms] [WARNING] TraceQL parsing warnings for query: {resource.k8s.namespace.name="banking-prod" && name="db.Query"} | count() > 20 @ https://edge.fullstory.com/s/fs.js:1
[    2391ms] [WARNING] - unsupported_pipeline: Pipeline aggregation detected. Only the filter part will be extracted, aggregation will be ignored. @ https://edge.fullstory.com/s/fs.js:1
[    2391ms] [WARNING] TraceQL parsing warnings for query: {resource.k8s.namespace.name="banking-prod" && name="db.Query"} | count() > 20 @ https://edge.fullstory.com/s/fs.js:1
[    2392ms] [WARNING] - unsupported_pipeline: Pipeline aggregation detected. Only the filter part will be extracted, aggregation will be ignored. @ https://edge.fullstory.com/s/fs.js:1
[    2800ms] [WARNING] TraceQL parsing warnings for query: {resource.k8s.namespace.name="banking-prod" && name="db.Query"} | count() > 20 @ https://edge.fullstory.com/s/fs.js:1
[    2800ms] [WARNING] - unsupported_pipeline: Pipeline aggregation detected. Only the filter part will be extracted, aggregation will be ignored. @ https://edge.fullstory.com/s/fs.js:1
[    2801ms] [WARNING] TraceQL parsing warnings for query: {resource.k8s.namespace.name="banking-prod" && name="db.Query"} | count() > 20 @ https://edge.fullstory.com/s/fs.js:1
[    2801ms] [WARNING] - unsupported_pipeline: Pipeline aggregation detected. Only the filter part will be extracted, aggregation will be ignored. @ https://edge.fullstory.com/s/fs.js:1
[    2892ms] [WARNING] TraceQL parsing warnings for query: {resource.k8s.namespace.name="banking-prod" && name="db.Query"} | count() > 20 @ https://edge.fullstory.com/s/fs.js:1
[    2893ms] [WARNING] - unsupported_pipeline: Pipeline aggregation detected. Only the filter part will be extracted, aggregation will be ignored. @ https://edge.fullstory.com/s/fs.js:1
[    2893ms] [WARNING] TraceQL parsing warnings for query: {resource.k8s.namespace.name="banking-prod" && name="db.Query"} | count() > 20 @ https://edge.fullstory.com/s/fs.js:1
[    2893ms] [WARNING] - unsupported_pipeline: Pipeline aggregation detected. Only the filter part will be extracted, aggregation will be ignored. @ https://edge.fullstory.com/s/fs.js:1
