[    1730ms] [ERROR] Failed to load resource: the server responded with a status of 404 () @ https://devfedb13.grafana.net/apis/userstorage.grafana.app/v0alpha1/namespaces/stacks-1757201/user-storage/saved-queries:dfuhj9wjtgge8e:0
[    2926ms] [ERROR] Failed to load resource: the server responded with a status of 404 () @ https://devfedb13.grafana.net/apis/userstorage.grafana.app/v0alpha1/namespaces/stacks-1757201/user-storage/grafana-dbo11y-app:dfuhj9wjtgge8e:0
[    3304ms] [ERROR] Failed to load resource: the server responded with a status of 404 () @ https://devfedb13.grafana.net/apis/userstorage.grafana.app/v0alpha1/namespaces/stacks-1757201/user-storage/grafana-runtime:dfuhj9wjtgge8e:0
[    3912ms] [ERROR] Failed to load resource: the server responded with a status of 400 () @ https://devfedb13.grafana.net/api/ds/query?ds_type=loki&requestId=SQR102_1:0
[    3914ms] [ERROR] Error: maximum number of series (500) reached for a single query; consider reducing query cardinality by adding more specific stream selectors, reducing the time range, or aggregating results with functions like sum(), count() or topk()
    at m (https://plugins-cdn.grafana.net/loki/13.1.0/public/plugins/loki/module.js:4:134079)
    at O (https://plugins-cdn.grafana.net/loki/13.1.0/public/plugins/loki/module.js:9:176601)
    at Object.next (https://plugins-cdn.grafana.net/loki/13.1.0/public/plugins/loki/module.js:9:177109)
    at A.next (https://grafana-assets.grafana.net/grafana/13.2.0-31683987170/public/build/5304.b4fd8c663d86a74bb4cd.js:378:16736)
    at U._next (https://grafana-assets.grafana.net/grafana/13.2.0-31683987170/public/build/5304.b4fd8c663d86a74bb4cd.js:378:16340)
    at U.next (https://grafana-assets.grafana.net/grafana/13.2.0-31683987170/public/build/5304.b4fd8c663d86a74bb4cd.js:378:15968)
    at https://plugins-cdn.grafana.net/loki/13.1.0/public/plugins/loki/module.js:9:75730
    at s._next (https://plugins-cdn.grafana.net/loki/13.1.0/public/plugins/loki/module.js:9:75144)
    at t.next (https://plugins-cdn.grafana.net/loki/13.1.0/public/plugins/loki/module.js:9:73188)
    at https://grafana-assets.grafana.net/grafana/13.2.0-31683987170/public/build/5304.b4fd8c663d86a74bb4cd.js:378:34680 @ https://edge.fullstory.com/s/fs.js:1
[    3967ms] [ERROR] Failed to load resource: the server responded with a status of 400 () @ https://devfedb13.grafana.net/api/ds/query?ds_type=loki&requestId=SQR119_1:0
[    3969ms] [ERROR] Error: maximum number of series (500) reached for a single query; consider reducing query cardinality by adding more specific stream selectors, reducing the time range, or aggregating results with functions like sum(), count() or topk()
    at m (https://plugins-cdn.grafana.net/loki/13.1.0/public/plugins/loki/module.js:4:134079)
    at O (https://plugins-cdn.grafana.net/loki/13.1.0/public/plugins/loki/module.js:9:176601)
    at Object.next (https://plugins-cdn.grafana.net/loki/13.1.0/public/plugins/loki/module.js:9:177109)
    at A.next (https://grafana-assets.grafana.net/grafana/13.2.0-31683987170/public/build/5304.b4fd8c663d86a74bb4cd.js:378:16736)
    at U._next (https://grafana-assets.grafana.net/grafana/13.2.0-31683987170/public/build/5304.b4fd8c663d86a74bb4cd.js:378:16340)
    at U.next (https://grafana-assets.grafana.net/grafana/13.2.0-31683987170/public/build/5304.b4fd8c663d86a74bb4cd.js:378:15968)
    at https://plugins-cdn.grafana.net/loki/13.1.0/public/plugins/loki/module.js:9:75730
    at s._next (https://plugins-cdn.grafana.net/loki/13.1.0/public/plugins/loki/module.js:9:75144)
    at t.next (https://plugins-cdn.grafana.net/loki/13.1.0/public/plugins/loki/module.js:9:73188)
    at https://grafana-assets.grafana.net/grafana/13.2.0-31683987170/public/build/5304.b4fd8c663d86a74bb4cd.js:378:34680 @ https://edge.fullstory.com/s/fs.js:1
[    4233ms] [ERROR] Failed to load resource: the server responded with a status of 400 () @ https://devfedb13.grafana.net/api/ds/query?ds_type=loki&requestId=SQR129_1:0
[    4234ms] [ERROR] Failed to load resource: the server responded with a status of 400 () @ https://devfedb13.grafana.net/api/ds/query?ds_type=loki&requestId=SQR127_1:0
[    4235ms] [ERROR] Error: maximum number of series (500) reached for a single query; consider reducing query cardinality by adding more specific stream selectors, reducing the time range, or aggregating results with functions like sum(), count() or topk()
    at m (https://plugins-cdn.grafana.net/loki/13.1.0/public/plugins/loki/module.js:4:134079)
    at O (https://plugins-cdn.grafana.net/loki/13.1.0/public/plugins/loki/module.js:9:176601)
    at Object.next (https://plugins-cdn.grafana.net/loki/13.1.0/public/plugins/loki/module.js:9:177109)
    at A.next (https://grafana-assets.grafana.net/grafana/13.2.0-31683987170/public/build/5304.b4fd8c663d86a74bb4cd.js:378:16736)
    at U._next (https://grafana-assets.grafana.net/grafana/13.2.0-31683987170/public/build/5304.b4fd8c663d86a74bb4cd.js:378:16340)
    at U.next (https://grafana-assets.grafana.net/grafana/13.2.0-31683987170/public/build/5304.b4fd8c663d86a74bb4cd.js:378:15968)
    at https://plugins-cdn.grafana.net/loki/13.1.0/public/plugins/loki/module.js:9:75730
    at s._next (https://plugins-cdn.grafana.net/loki/13.1.0/public/plugins/loki/module.js:9:75144)
    at t.next (https://plugins-cdn.grafana.net/loki/13.1.0/public/plugins/loki/module.js:9:73188)
    at https://grafana-assets.grafana.net/grafana/13.2.0-31683987170/public/build/5304.b4fd8c663d86a74bb4cd.js:378:34680 @ https://edge.fullstory.com/s/fs.js:1
[    4241ms] [ERROR] Error: maximum number of series (500) reached for a single query; consider reducing query cardinality by adding more specific stream selectors, reducing the time range, or aggregating results with functions like sum(), count() or topk()
    at m (https://plugins-cdn.grafana.net/loki/13.1.0/public/plugins/loki/module.js:4:134079)
    at O (https://plugins-cdn.grafana.net/loki/13.1.0/public/plugins/loki/module.js:9:176601)
    at Object.next (https://plugins-cdn.grafana.net/loki/13.1.0/public/plugins/loki/module.js:9:177109)
    at A.next (https://grafana-assets.grafana.net/grafana/13.2.0-31683987170/public/build/5304.b4fd8c663d86a74bb4cd.js:378:16736)
    at U._next (https://grafana-assets.grafana.net/grafana/13.2.0-31683987170/public/build/5304.b4fd8c663d86a74bb4cd.js:378:16340)
    at U.next (https://grafana-assets.grafana.net/grafana/13.2.0-31683987170/public/build/5304.b4fd8c663d86a74bb4cd.js:378:15968)
    at https://plugins-cdn.grafana.net/loki/13.1.0/public/plugins/loki/module.js:9:75730
    at s._next (https://plugins-cdn.grafana.net/loki/13.1.0/public/plugins/loki/module.js:9:75144)
    at t.next (https://plugins-cdn.grafana.net/loki/13.1.0/public/plugins/loki/module.js:9:73188)
    at https://grafana-assets.grafana.net/grafana/13.2.0-31683987170/public/build/5304.b4fd8c663d86a74bb4cd.js:378:34680 @ https://edge.fullstory.com/s/fs.js:1
[    4245ms] [WARNING] [FilterByValue] Could not find index for field name: Value #TimesCalled @ https://edge.fullstory.com/s/fs.js:1
[    4245ms] [WARNING] [FilterByValue] Could not find index for field name: Value #TimesCalled @ https://edge.fullstory.com/s/fs.js:1
[    4245ms] [WARNING] [FilterByValue] Could not find index for field name: Value @ https://edge.fullstory.com/s/fs.js:1
[    4245ms] [WARNING] [FilterByValue] Could not find index for field name: Value @ https://edge.fullstory.com/s/fs.js:1
[    4447ms] [WARNING] [FilterByValue] Could not find index for field name: Value #TimesCalled @ https://edge.fullstory.com/s/fs.js:1
[    4447ms] [WARNING] [FilterByValue] Could not find index for field name: Value #TimesCalled @ https://edge.fullstory.com/s/fs.js:1
[    4448ms] [WARNING] [FilterByValue] Could not find index for field name: Value @ https://edge.fullstory.com/s/fs.js:1
[    4448ms] [WARNING] [FilterByValue] Could not find index for field name: Value @ https://edge.fullstory.com/s/fs.js:1
[    4955ms] [WARNING] [FilterByValue] Could not find index for field name: Value @ https://edge.fullstory.com/s/fs.js:1
[    4955ms] [WARNING] [FilterByValue] Could not find index for field name: Value @ https://edge.fullstory.com/s/fs.js:1
