[    1523ms] [ERROR] Failed to load resource: the server responded with a status of 404 () @ https://devfedb13.grafana.net/apis/userstorage.grafana.app/v0alpha1/namespaces/stacks-1757201/user-storage/saved-queries:dfuhj9wjtgge8e:0
[    2804ms] [ERROR] Failed to load resource: the server responded with a status of 404 () @ https://devfedb13.grafana.net/apis/userstorage.grafana.app/v0alpha1/namespaces/stacks-1757201/user-storage/grafana-dbo11y-app:dfuhj9wjtgge8e:0
[    3151ms] [ERROR] Failed to load resource: the server responded with a status of 404 () @ https://devfedb13.grafana.net/apis/userstorage.grafana.app/v0alpha1/namespaces/stacks-1757201/user-storage/grafana-runtime:dfuhj9wjtgge8e:0
[    3379ms] [WARNING] [FilterByValue] Could not find index for field name: Value #TimesCalled @ https://edge.fullstory.com/s/fs.js:1
[    3379ms] [WARNING] [FilterByValue] Could not find index for field name: Value #TimesCalled @ https://edge.fullstory.com/s/fs.js:1
[    3582ms] [WARNING] [FilterByValue] Could not find index for field name: Value #TimesCalled @ https://edge.fullstory.com/s/fs.js:1
[    3582ms] [WARNING] [FilterByValue] Could not find index for field name: Value #TimesCalled @ https://edge.fullstory.com/s/fs.js:1
[    3582ms] [WARNING] [FilterByValue] Could not find index for field name: Value @ https://edge.fullstory.com/s/fs.js:1
[    3582ms] [WARNING] [FilterByValue] Could not find index for field name: Value @ https://edge.fullstory.com/s/fs.js:1
[    4077ms] [WARNING] [FilterByValue] Could not find index for field name: Value @ https://edge.fullstory.com/s/fs.js:1
[    4078ms] [WARNING] [FilterByValue] Could not find index for field name: Value @ https://edge.fullstory.com/s/fs.js:1
[   11318ms] [ERROR] Failed to load resource: net::ERR_SSL_BAD_RECORD_MAC_ALERT @ https://devfedb13.grafana.net/api/frontend-metrics:0
[   11319ms] [ERROR] Failed to load resource: net::ERR_SSL_BAD_RECORD_MAC_ALERT @ https://devfedb13.grafana.net/api/ma/events:0
[   11346ms] TypeError: Failed to fetch
    at https://grafana-assets.grafana.net/grafana/13.2.0-31683987170/public/build/1849.f6d5572e027e6cc42c68.js:177:53562
    at jE.with (https://grafana-assets.grafana.net/grafana/13.2.0-31683987170/public/build/1849.f6d5572e027e6cc42c68.js:177:28790)
    at o.with (https://grafana-assets.grafana.net/grafana/13.2.0-31683987170/public/build/5304.b4fd8c663d86a74bb4cd.js:82:65177)
    at https://grafana-assets.grafana.net/grafana/13.2.0-31683987170/public/build/1849.f6d5572e027e6cc42c68.js:177:53465
    at o.<computed>.o.<computed> (https://rsi.grafana.com/v1.1/js-integrations/Fullstory.min.js:1:5852)
    at c._subscribe (https://grafana-assets.grafana.net/grafana/13.2.0-31683987170/public/build/5304.b4fd8c663d86a74bb4cd.js:378:21925)
    at c._trySubscribe (https://grafana-assets.grafana.net/grafana/13.2.0-31683987170/public/build/5304.b4fd8c663d86a74bb4cd.js:378:10221)
    at https://grafana-assets.grafana.net/grafana/13.2.0-31683987170/public/build/5304.b4fd8c663d86a74bb4cd.js:378:10144
    at a (https://grafana-assets.grafana.net/grafana/13.2.0-31683987170/public/build/5304.b4fd8c663d86a74bb4cd.js:380:1357)
    at c.subscribe (https://grafana-assets.grafana.net/grafana/13.2.0-31683987170/public/build/5304.b4fd8c663d86a74bb4cd.js:378:10060)
[   19985ms] [WARNING] [FilterByValue] Could not find index for field name: Value #TimesCalled @ https://edge.fullstory.com/s/fs.js:1
[   19985ms] [WARNING] [FilterByValue] Could not find index for field name: Value #TimesCalled @ https://edge.fullstory.com/s/fs.js:1
[   20323ms] [WARNING] [FilterByValue] Could not find index for field name: Value @ https://edge.fullstory.com/s/fs.js:1
[   20323ms] [WARNING] [FilterByValue] Could not find index for field name: Value @ https://edge.fullstory.com/s/fs.js:1
[   43978ms] [WARNING] [FilterByValue] Could not find index for field name: Value #TimesCalled @ https://edge.fullstory.com/s/fs.js:1
[   43978ms] [WARNING] [FilterByValue] Could not find index for field name: Value #TimesCalled @ https://edge.fullstory.com/s/fs.js:1
[   44181ms] [WARNING] [FilterByValue] Could not find index for field name: Value #TimesCalled @ https://edge.fullstory.com/s/fs.js:1
[   44181ms] [WARNING] [FilterByValue] Could not find index for field name: Value #TimesCalled @ https://edge.fullstory.com/s/fs.js:1
[   44181ms] [WARNING] [FilterByValue] Could not find index for field name: Value @ https://edge.fullstory.com/s/fs.js:1
[   44181ms] [WARNING] [FilterByValue] Could not find index for field name: Value @ https://edge.fullstory.com/s/fs.js:1
[   44395ms] [WARNING] [FilterByValue] Could not find index for field name: Value @ https://edge.fullstory.com/s/fs.js:1
[   44395ms] [WARNING] [FilterByValue] Could not find index for field name: Value @ https://edge.fullstory.com/s/fs.js:1
