[    3075ms] [ERROR] Failed to load resource: the server responded with a status of 404 () @ https://deveadf53.grafana.net/apis/userstorage.grafana.app/v0alpha1/namespaces/stacks-1744045/user-storage/saved-queries:efts33ixamkn4b:0
[    3732ms] [ERROR] Faro
 Attempted to create a new user action while one is already running. This is not possible. @ https://plugins-cdn.grafana.net/grafana-kowalski-app/1.64.0/public/plugins/grafana-kowalski-app/463.js?_cache=1ed629a5641ef9c0de99:1
[    3893ms] [ERROR] Faro
 Attempted to create a new user action while one is already running. This is not possible. @ https://plugins-cdn.grafana.net/grafana-kowalski-app/1.64.0/public/plugins/grafana-kowalski-app/463.js?_cache=1ed629a5641ef9c0de99:1
[    3898ms] [WARNING] SceneObject already has a parent set that is different from the new parent. You cannot share the same SceneObject instance in multiple scenes or in multiple different places of the same scene graph. Use SceneObject.clone() to duplicate a SceneObject or store a state key reference and use sceneGraph.findObject to locate it. u zv @ https://plugins-cdn.grafana.net/grafana-kowalski-app/1.64.0/public/plugins/grafana-kowalski-app/141.js?_cache=3493fae15aff159eec22:0
[    3900ms] [ERROR] Faro
 Attempted to create a new user action while one is already running. This is not possible. @ https://plugins-cdn.grafana.net/grafana-kowalski-app/1.64.0/public/plugins/grafana-kowalski-app/463.js?_cache=1ed629a5641ef9c0de99:1
[    3911ms] [ERROR] Faro
 Attempted to create a new user action while one is already running. This is not possible. @ https://plugins-cdn.grafana.net/grafana-kowalski-app/1.64.0/public/plugins/grafana-kowalski-app/463.js?_cache=1ed629a5641ef9c0de99:1
[    3915ms] [WARNING] SceneObject already has a parent set that is different from the new parent. You cannot share the same SceneObject instance in multiple scenes or in multiple different places of the same scene graph. Use SceneObject.clone() to duplicate a SceneObject or store a state key reference and use sceneGraph.findObject to locate it. L y @ https://plugins-cdn.grafana.net/grafana-kowalski-app/1.64.0/public/plugins/grafana-kowalski-app/141.js?_cache=3493fae15aff159eec22:0
[    3916ms] [WARNING] SceneObject already has a parent set that is different from the new parent. You cannot share the same SceneObject instance in multiple scenes or in multiple different places of the same scene graph. Use SceneObject.clone() to duplicate a SceneObject or store a state key reference and use sceneGraph.findObject to locate it. d u @ https://plugins-cdn.grafana.net/grafana-kowalski-app/1.64.0/public/plugins/grafana-kowalski-app/141.js?_cache=3493fae15aff159eec22:0
[    3975ms] [ERROR] Faro
 @grafana/faro-instrumentation-replay
 Error occurred during session replay SyntaxError: Failed to execute 'insertRule' on 'CSSStyleSheet': Failed to parse the rule '.css-1aumjra::-moz-placeholder{color:rgba(204, 204, 220, 0.61);}'.
    at https://plugins-cdn.grafana.net/grafana-kowalski-app/1.64.0/public/plugins/grafana-kowalski-app/463.js?_cache=1ed629a5641ef9c0de99:2:160861
    at Object.apply (https://plugins-cdn.grafana.net/grafana-kowalski-app/1.64.0/public/plugins/grafana-kowalski-app/463.js?_cache=1ed629a5641ef9c0de99:2:152759)
    at et.insert (https://grafana-assets.grafana.net/grafana/13.2.0-30402795349/public/build/88703-react19.9482157cbabdad20e87b.js:1:2488)
    at https://grafana-assets.grafana.net/grafana/13.2.0-30402795349/public/build/88703-react19.9482157cbabdad20e87b.js:1:13034
    at Array.<anonymous> (https://grafana-assets.grafana.net/grafana/13.2.0-30402795349/public/build/88703-react19.9482157cbabdad20e87b.js:1:5802)
    at https://grafana-assets.grafana.net/grafana/13.2.0-30402795349/public/build/88703-react19.9482157cbabdad20e87b.js:1:5714
    at mt (https://grafana-assets.grafana.net/grafana/13.2.0-30402795349/public/build/88703-react19.9482157cbabdad20e87b.js:1:5226)
    at https://grafana-assets.grafana.net/grafana/13.2.0-30402795349/public/build/88703-react19.9482157cbabdad20e87b.js:1:12239
    at Array.map (<anonymous>)
    at ae (https://grafana-assets.grafana.net/grafana/13.2.0-30402795349/public/build/88703-react19.9482157cbabdad20e87b.js:1:3262) @ https://plugins-cdn.grafana.net/grafana-kowalski-app/1.64.0/public/plugins/grafana-kowalski-app/463.js?_cache=1ed629a5641ef9c0de99:1
[    3975ms] [ERROR] Faro
 @grafana/faro-instrumentation-replay
 Error occurred during session replay SyntaxError: Failed to execute 'insertRule' on 'CSSStyleSheet': Failed to parse the rule '.css-1aumjra:-ms-input-placeholder{color:rgba(204, 204, 220, 0.61);}'.
    at https://plugins-cdn.grafana.net/grafana-kowalski-app/1.64.0/public/plugins/grafana-kowalski-app/463.js?_cache=1ed629a5641ef9c0de99:2:160861
    at Object.apply (https://plugins-cdn.grafana.net/grafana-kowalski-app/1.64.0/public/plugins/grafana-kowalski-app/463.js?_cache=1ed629a5641ef9c0de99:2:152759)
    at et.insert (https://grafana-assets.grafana.net/grafana/13.2.0-30402795349/public/build/88703-react19.9482157cbabdad20e87b.js:1:2488)
    at https://grafana-assets.grafana.net/grafana/13.2.0-30402795349/public/build/88703-react19.9482157cbabdad20e87b.js:1:13034
    at Array.<anonymous> (https://grafana-assets.grafana.net/grafana/13.2.0-30402795349/public/build/88703-react19.9482157cbabdad20e87b.js:1:5802)
    at https://grafana-assets.grafana.net/grafana/13.2.0-30402795349/public/build/88703-react19.9482157cbabdad20e87b.js:1:5714
    at mt (https://grafana-assets.grafana.net/grafana/13.2.0-30402795349/public/build/88703-react19.9482157cbabdad20e87b.js:1:5226)
    at https://grafana-assets.grafana.net/grafana/13.2.0-30402795349/public/build/88703-react19.9482157cbabdad20e87b.js:1:12239
    at Array.map (<anonymous>)
    at ae (https://grafana-assets.grafana.net/grafana/13.2.0-30402795349/public/build/88703-react19.9482157cbabdad20e87b.js:1:3262) @ https://plugins-cdn.grafana.net/grafana-kowalski-app/1.64.0/public/plugins/grafana-kowalski-app/463.js?_cache=1ed629a5641ef9c0de99:1
[    3978ms] [ERROR] Faro
 @grafana/faro-instrumentation-replay
 Error occurred during session replay SyntaxError: Failed to execute 'insertRule' on 'CSSStyleSheet': Failed to parse the rule '.css-10q7qbh::-moz-placeholder{color:rgba(204, 204, 220, 0.61);}'.
    at https://plugins-cdn.grafana.net/grafana-kowalski-app/1.64.0/public/plugins/grafana-kowalski-app/463.js?_cache=1ed629a5641ef9c0de99:2:160861
    at Object.apply (https://plugins-cdn.grafana.net/grafana-kowalski-app/1.64.0/public/plugins/grafana-kowalski-app/463.js?_cache=1ed629a5641ef9c0de99:2:152759)
    at et.insert (https://grafana-assets.grafana.net/grafana/13.2.0-30402795349/public/build/88703-react19.9482157cbabdad20e87b.js:1:2488)
    at https://grafana-assets.grafana.net/grafana/13.2.0-30402795349/public/build/88703-react19.9482157cbabdad20e87b.js:1:13034
    at Array.<anonymous> (https://grafana-assets.grafana.net/grafana/13.2.0-30402795349/public/build/88703-react19.9482157cbabdad20e87b.js:1:5802)
    at https://grafana-assets.grafana.net/grafana/13.2.0-30402795349/public/build/88703-react19.9482157cbabdad20e87b.js:1:5714
    at mt (https://grafana-assets.grafana.net/grafana/13.2.0-30402795349/public/build/88703-react19.9482157cbabdad20e87b.js:1:5226)
    at https://grafana-assets.grafana.net/grafana/13.2.0-30402795349/public/build/88703-react19.9482157cbabdad20e87b.js:1:12239
    at Array.map (<anonymous>)
    at ae (https://grafana-assets.grafana.net/grafana/13.2.0-30402795349/public/build/88703-react19.9482157cbabdad20e87b.js:1:3262) @ https://plugins-cdn.grafana.net/grafana-kowalski-app/1.64.0/public/plugins/grafana-kowalski-app/463.js?_cache=1ed629a5641ef9c0de99:1
[    3978ms] [ERROR] Faro
 @grafana/faro-instrumentation-replay
 Error occurred during session replay SyntaxError: Failed to execute 'insertRule' on 'CSSStyleSheet': Failed to parse the rule '.css-10q7qbh:-ms-input-placeholder{color:rgba(204, 204, 220, 0.61);}'.
    at https://plugins-cdn.grafana.net/grafana-kowalski-app/1.64.0/public/plugins/grafana-kowalski-app/463.js?_cache=1ed629a5641ef9c0de99:2:160861
    at Object.apply (https://plugins-cdn.grafana.net/grafana-kowalski-app/1.64.0/public/plugins/grafana-kowalski-app/463.js?_cache=1ed629a5641ef9c0de99:2:152759)
    at et.insert (https://grafana-assets.grafana.net/grafana/13.2.0-30402795349/public/build/88703-react19.9482157cbabdad20e87b.js:1:2488)
    at https://grafana-assets.grafana.net/grafana/13.2.0-30402795349/public/build/88703-react19.9482157cbabdad20e87b.js:1:13034
    at Array.<anonymous> (https://grafana-assets.grafana.net/grafana/13.2.0-30402795349/public/build/88703-react19.9482157cbabdad20e87b.js:1:5802)
    at https://grafana-assets.grafana.net/grafana/13.2.0-30402795349/public/build/88703-react19.9482157cbabdad20e87b.js:1:5714
    at mt (https://grafana-assets.grafana.net/grafana/13.2.0-30402795349/public/build/88703-react19.9482157cbabdad20e87b.js:1:5226)
    at https://grafana-assets.grafana.net/grafana/13.2.0-30402795349/public/build/88703-react19.9482157cbabdad20e87b.js:1:12239
    at Array.map (<anonymous>)
    at ae (https://grafana-assets.grafana.net/grafana/13.2.0-30402795349/public/build/88703-react19.9482157cbabdad20e87b.js:1:3262) @ https://plugins-cdn.grafana.net/grafana-kowalski-app/1.64.0/public/plugins/grafana-kowalski-app/463.js?_cache=1ed629a5641ef9c0de99:1
[    4134ms] [ERROR] Failed to load resource: the server responded with a status of 404 () @ https://deveadf53.grafana.net/apis/userstorage.grafana.app/v0alpha1/namespaces/stacks-1744045/user-storage/grafana-kowalski-app:efts33ixamkn4b:0
[    4347ms] [ERROR] Faro
 Attempted to create a new user action while one is already running. This is not possible. @ https://plugins-cdn.grafana.net/grafana-kowalski-app/1.64.0/public/plugins/grafana-kowalski-app/463.js?_cache=1ed629a5641ef9c0de99:1
[    4353ms] [WARNING] SceneObject already has a parent set that is different from the new parent. You cannot share the same SceneObject instance in multiple scenes or in multiple different places of the same scene graph. Use SceneObject.clone() to duplicate a SceneObject or store a state key reference and use sceneGraph.findObject to locate it. u zv @ https://edge.fullstory.com/s/fs.js:1
[    4354ms] [ERROR] Faro
 Attempted to create a new user action while one is already running. This is not possible. @ https://plugins-cdn.grafana.net/grafana-kowalski-app/1.64.0/public/plugins/grafana-kowalski-app/463.js?_cache=1ed629a5641ef9c0de99:1
[    4362ms] [ERROR] Faro
 Attempted to create a new user action while one is already running. This is not possible. @ https://plugins-cdn.grafana.net/grafana-kowalski-app/1.64.0/public/plugins/grafana-kowalski-app/463.js?_cache=1ed629a5641ef9c0de99:1
[    4365ms] [WARNING] SceneObject already has a parent set that is different from the new parent. You cannot share the same SceneObject instance in multiple scenes or in multiple different places of the same scene graph. Use SceneObject.clone() to duplicate a SceneObject or store a state key reference and use sceneGraph.findObject to locate it. L y @ https://edge.fullstory.com/s/fs.js:1
[    4366ms] [WARNING] SceneObject already has a parent set that is different from the new parent. You cannot share the same SceneObject instance in multiple scenes or in multiple different places of the same scene graph. Use SceneObject.clone() to duplicate a SceneObject or store a state key reference and use sceneGraph.findObject to locate it. d u @ https://edge.fullstory.com/s/fs.js:1
[   17633ms] [ERROR] Faro
 Attempted to create a new user action while one is already running. This is not possible. @ https://plugins-cdn.grafana.net/grafana-kowalski-app/1.64.0/public/plugins/grafana-kowalski-app/463.js?_cache=1ed629a5641ef9c0de99:1
[   17679ms] [WARNING] SceneObject already has a parent set that is different from the new parent. You cannot share the same SceneObject instance in multiple scenes or in multiple different places of the same scene graph. Use SceneObject.clone() to duplicate a SceneObject or store a state key reference and use sceneGraph.findObject to locate it. u zv @ https://edge.fullstory.com/s/fs.js:1
[   17693ms] [ERROR] Faro
 Attempted to create a new user action while one is already running. This is not possible. @ https://plugins-cdn.grafana.net/grafana-kowalski-app/1.64.0/public/plugins/grafana-kowalski-app/463.js?_cache=1ed629a5641ef9c0de99:1
[   17708ms] [ERROR] Faro
 Attempted to create a new user action while one is already running. This is not possible. @ https://plugins-cdn.grafana.net/grafana-kowalski-app/1.64.0/public/plugins/grafana-kowalski-app/463.js?_cache=1ed629a5641ef9c0de99:1
[   17719ms] [ERROR] Faro
 Attempted to create a new user action while one is already running. This is not possible. @ https://plugins-cdn.grafana.net/grafana-kowalski-app/1.64.0/public/plugins/grafana-kowalski-app/463.js?_cache=1ed629a5641ef9c0de99:1
[   17723ms] [WARNING] SceneObject already has a parent set that is different from the new parent. You cannot share the same SceneObject instance in multiple scenes or in multiple different places of the same scene graph. Use SceneObject.clone() to duplicate a SceneObject or store a state key reference and use sceneGraph.findObject to locate it. u wN @ https://edge.fullstory.com/s/fs.js:1
[   17723ms] [WARNING] SceneObject already has a parent set that is different from the new parent. You cannot share the same SceneObject instance in multiple scenes or in multiple different places of the same scene graph. Use SceneObject.clone() to duplicate a SceneObject or store a state key reference and use sceneGraph.findObject to locate it. u gN @ https://edge.fullstory.com/s/fs.js:1
[  214154ms] [WARNING] SceneObject already has a parent set that is different from the new parent. You cannot share the same SceneObject instance in multiple scenes or in multiple different places of the same scene graph. Use SceneObject.clone() to duplicate a SceneObject or store a state key reference and use sceneGraph.findObject to locate it. u gN @ https://edge.fullstory.com/s/fs.js:1
