[    2374ms] [ERROR] Failed to load resource: the server responded with a status of 404 () @ https://devfedb13.grafana.net/apis/userstorage.grafana.app/v0alpha1/namespaces/stacks-1757201/user-storage/saved-queries:dfuhj9wjtgge8e:0
[    3636ms] [ERROR] Failed to load resource: the server responded with a status of 404 () @ https://devfedb13.grafana.net/apis/userstorage.grafana.app/v0alpha1/namespaces/stacks-1757201/user-storage/grafana-dbo11y-app:dfuhj9wjtgge8e:0
[    3942ms] [ERROR] Failed to load resource: the server responded with a status of 404 () @ https://devfedb13.grafana.net/apis/userstorage.grafana.app/v0alpha1/namespaces/stacks-1757201/user-storage/grafana-runtime:dfuhj9wjtgge8e:0
[    4280ms] [WARNING] [FilterByValue] Could not find index for field name: Value #TimesCalled @ https://edge.fullstory.com/s/fs.js:1
[    4280ms] [WARNING] [FilterByValue] Could not find index for field name: Value #TimesCalled @ https://edge.fullstory.com/s/fs.js:1
[    4483ms] [WARNING] [FilterByValue] Could not find index for field name: Value #TimesCalled @ https://edge.fullstory.com/s/fs.js:1
[    4483ms] [WARNING] [FilterByValue] Could not find index for field name: Value #TimesCalled @ https://edge.fullstory.com/s/fs.js:1
[    4483ms] [WARNING] [FilterByValue] Could not find index for field name: Value @ https://edge.fullstory.com/s/fs.js:1
[    4483ms] [WARNING] [FilterByValue] Could not find index for field name: Value @ https://edge.fullstory.com/s/fs.js:1
[    4811ms] [WARNING] [FilterByValue] Could not find index for field name: Value @ https://edge.fullstory.com/s/fs.js:1
[    4811ms] [WARNING] [FilterByValue] Could not find index for field name: Value @ https://edge.fullstory.com/s/fs.js:1
[   48562ms] [WARNING] [FilterByValue] Could not find index for field name: Value #TimesCalled @ https://edge.fullstory.com/s/fs.js:1
[   48562ms] [WARNING] [FilterByValue] Could not find index for field name: Value #TimesCalled @ https://edge.fullstory.com/s/fs.js:1
[   48562ms] [WARNING] [FilterByValue] Could not find index for field name: Value @ https://edge.fullstory.com/s/fs.js:1
[   48562ms] [WARNING] [FilterByValue] Could not find index for field name: Value @ https://edge.fullstory.com/s/fs.js:1
[   48764ms] [WARNING] [FilterByValue] Could not find index for field name: Value #TimesCalled @ https://edge.fullstory.com/s/fs.js:1
[   48764ms] [WARNING] [FilterByValue] Could not find index for field name: Value #TimesCalled @ https://edge.fullstory.com/s/fs.js:1
[   48764ms] [WARNING] [FilterByValue] Could not find index for field name: Value @ https://edge.fullstory.com/s/fs.js:1
[   48765ms] [WARNING] [FilterByValue] Could not find index for field name: Value @ https://edge.fullstory.com/s/fs.js:1
[   48843ms] [WARNING] [FilterByValue] Could not find index for field name: Value @ https://edge.fullstory.com/s/fs.js:1
[   48843ms] [WARNING] [FilterByValue] Could not find index for field name: Value @ https://edge.fullstory.com/s/fs.js:1
